Product: MDK-ARM Professional 5.10
Component: ARM Compiler 5.04 update 1 (build 49)
Tool: armlink [5040049]

==============================================================================

Section Cross References

    system_stm32f4xx.o(i.SystemCoreClockUpdate) refers to system_stm32f4xx.o(.data) for SystemCoreClock
    system_stm32f4xx.o(i.SystemInit) refers to system_stm32f4xx.o(i.SetSysClock) for SetSysClock
    startup_stm32f40_41xxx.o(STACK) refers (Special) to heapauxi.o(.text) for __use_two_region_memory
    startup_stm32f40_41xxx.o(HEAP) refers (Special) to heapauxi.o(.text) for __use_two_region_memory
    startup_stm32f40_41xxx.o(RESET) refers (Special) to heapauxi.o(.text) for __use_two_region_memory
    startup_stm32f40_41xxx.o(RESET) refers to startup_stm32f40_41xxx.o(STACK) for __initial_sp
    startup_stm32f40_41xxx.o(RESET) refers to startup_stm32f40_41xxx.o(.text) for Reset_Handler
    startup_stm32f40_41xxx.o(RESET) refers to stm32f4xx_it.o(i.NMI_Handler) for NMI_Handler
    startup_stm32f40_41xxx.o(RESET) refers to stm32f4xx_it.o(i.HardFault_Handler) for HardFault_Handler
    startup_stm32f40_41xxx.o(RESET) refers to stm32f4xx_it.o(i.MemManage_Handler) for MemManage_Handler
    startup_stm32f40_41xxx.o(RESET) refers to stm32f4xx_it.o(i.BusFault_Handler) for BusFault_Handler
    startup_stm32f40_41xxx.o(RESET) refers to stm32f4xx_it.o(i.UsageFault_Handler) for UsageFault_Handler
    startup_stm32f40_41xxx.o(RESET) refers to stm32f4xx_it.o(i.SVC_Handler) for SVC_Handler
    startup_stm32f40_41xxx.o(RESET) refers to stm32f4xx_it.o(i.DebugMon_Handler) for DebugMon_Handler
    startup_stm32f40_41xxx.o(RESET) refers to stm32f4xx_it.o(i.PendSV_Handler) for PendSV_Handler
    startup_stm32f40_41xxx.o(RESET) refers to stm32f4xx_it.o(i.SysTick_Handler) for SysTick_Handler
    startup_stm32f40_41xxx.o(RESET) refers to cs4334.o(i.DMA1_Stream4_IRQHandler) for DMA1_Stream4_IRQHandler
    startup_stm32f40_41xxx.o(RESET) refers to cs4334.o(i.SPI2_IRQHandler) for SPI2_IRQHandler
    startup_stm32f40_41xxx.o(.text) refers (Special) to heapauxi.o(.text) for __use_two_region_memory
    startup_stm32f40_41xxx.o(.text) refers to system_stm32f4xx.o(i.SystemInit) for SystemInit
    startup_stm32f40_41xxx.o(.text) refers to __main.o(!!!main) for __main
    startup_stm32f40_41xxx.o(.text) refers to startup_stm32f40_41xxx.o(HEAP) for Heap_Mem
    startup_stm32f40_41xxx.o(.text) refers to startup_stm32f40_41xxx.o(STACK) for Stack_Mem
    stm32f4xx_it.o(i.SysTick_Handler) refers to delay.o(i.TimingDelay_Decrement) for TimingDelay_Decrement
    main.o(i.main) refers to usart.o(i.COM1Init) for COM1Init
    main.o(i.main) refers to noretval__2printf.o(.text) for __2printf
    main.o(i.main) refers to wavplayer.o(i.Wavplay) for Wavplay
    wavplayer.o(i.AUDIO_TransferComplete) refers to wavplayer.o(.data) for XferCplt
    wavplayer.o(i.WaveParsing) refers to wavplayer.o(i.ReadUnit) for ReadUnit
    wavplayer.o(i.WaveParsing) refers to wavplayer.o(.bss) for buffer1
    wavplayer.o(i.WaveParsing) refers to wavplayer.o(.data) for DataOffset
    wavplayer.o(i.Wavplay) refers to ff.o(i.f_mount) for f_mount
    wavplayer.o(i.Wavplay) refers to ff.o(i.f_open) for f_open
    wavplayer.o(i.Wavplay) refers to ff.o(i.f_read) for f_read
    wavplayer.o(i.Wavplay) refers to noretval__2printf.o(.text) for __2printf
    wavplayer.o(i.Wavplay) refers to wavplayer.o(i.WaveParsing) for WaveParsing
    wavplayer.o(i.Wavplay) refers to cs4334.o(i.AUDIO_Init) for AUDIO_Init
    wavplayer.o(i.Wavplay) refers to ff.o(i.f_lseek) for f_lseek
    wavplayer.o(i.Wavplay) refers to cs4334.o(i.Audio_MAL_Play) for Audio_MAL_Play
    wavplayer.o(i.Wavplay) refers to wavplayer.o(.bss) for buffer1
    wavplayer.o(i.Wavplay) refers to wavplayer.o(.data) for WaveLen
    cs4334.o(i.AUDIO_Init) refers to cs4334.o(i.I2S_GPIO_Init) for I2S_GPIO_Init
    cs4334.o(i.AUDIO_Init) refers to cs4334.o(i.Audio_I2S_Init) for Audio_I2S_Init
    cs4334.o(i.AUDIO_Init) refers to cs4334.o(i.Audio_DMA_Init) for Audio_DMA_Init
    cs4334.o(i.AUDIO_Play) refers to cs4334.o(i.Audio_MAL_Play) for Audio_MAL_Play
    cs4334.o(i.AUDIO_Play) refers to cs4334.o(.data) for AudioTotalSize
    cs4334.o(i.Audio_DMA_Init) refers to stm32f4xx_rcc.o(i.RCC_AHB1PeriphClockCmd) for RCC_AHB1PeriphClockCmd
    cs4334.o(i.Audio_DMA_Init) refers to stm32f4xx_dma.o(i.DMA_Cmd) for DMA_Cmd
    cs4334.o(i.Audio_DMA_Init) refers to stm32f4xx_dma.o(i.DMA_DeInit) for DMA_DeInit
    cs4334.o(i.Audio_DMA_Init) refers to stm32f4xx_dma.o(i.DMA_Init) for DMA_Init
    cs4334.o(i.Audio_DMA_Init) refers to stm32f4xx_dma.o(i.DMA_ITConfig) for DMA_ITConfig
    cs4334.o(i.Audio_DMA_Init) refers to misc.o(i.NVIC_Init) for NVIC_Init
    cs4334.o(i.Audio_DMA_Init) refers to stm32f4xx_spi.o(i.SPI_I2S_DMACmd) for SPI_I2S_DMACmd
    cs4334.o(i.Audio_DMA_Init) refers to cs4334.o(.bss) for DMA_InitStructure
[...]

Image Symbol Table

    Local Symbols

    Symbol Name                              Value     Ov Type        Size  Object(Section)

    ../clib/angel/boardlib.s                 0x00000000   Number         0  boardinit1.o ABSOLUTE
    ../clib/angel/boardlib.s                 0x00000000   Number         0  boardshut.o ABSOLUTE
    ../clib/angel/boardlib.s                 0x00000000   Number         0  boardinit2.o ABSOLUTE
    ../clib/angel/boardlib.s                 0x00000000   Number         0  boardinit3.o ABSOLUTE
    ../clib/angel/handlers.s                 0x00000000   Number         0  __scatter_copy.o ABSOLUTE
    ../clib/angel/handlers.s                 0x00000000   Number         0  __scatter_zi.o ABSOLUTE
    ../clib/angel/kernel.s                   0x00000000   Number         0  rtexit2.o ABSOLUTE
    ../clib/angel/kernel.s                   0x00000000   Number         0  rtentry4.o ABSOLUTE
    ../clib/angel/kernel.s                   0x00000000   Number         0  rtentry2.o ABSOLUTE
    ../clib/angel/kernel.s                   0x00000000   Number         0  rtexit.o ABSOLUTE
    ../clib/angel/kernel.s                   0x00000000   Number         0  rtentry.o ABSOLUTE
    ../clib/angel/rt.s                       0x00000000   Number         0  rt_raise.o ABSOLUTE
    ../clib/angel/scatter.s                  0x00000000   Number         0  __scatter.o ABSOLUTE
    ../clib/angel/startup.s                  0x00000000   Number         0  __main.o ABSOLUTE
    ../clib/angel/sys.s                      0x00000000   Number         0  sys_stackheap_outer.o ABSOLUTE
    ../clib/angel/sys.s                      0x00000000   Number         0  indicate_semi.o ABSOLUTE
    ../clib/angel/sys.s                      0x00000000   Number         0  use_no_semi_2.o ABSOLUTE
    ../clib/angel/sys.s                      0x00000000   Number         0  libspace.o ABSOLUTE
    ../clib/angel/sys.s                      0x00000000   Number         0  use_no_semi.o ABSOLUTE
    ../clib/angel/sysapp.c                   0x00000000   Number         0  sys_command.o ABSOLUTE
    ../clib/angel/sysapp.c                   0x00000000   Number         0  sys_wrch.o ABSOLUTE
    ../clib/armsys.c                         0x00000000   Number         0  argv_veneer.o ABSOLUTE
    ../clib/armsys.c                         0x00000000   Number         0  argv_veneer.o ABSOLUTE
    ../clib/armsys.c                         0x00000000   Number         0  no_argv.o ABSOLUTE
    ../clib/armsys.c                         0x00000000   Number         0  _get_argv_nomalloc.o ABSOLUTE
    ../clib/heapalloc.c                      0x00000000   Number         0  hrguard.o ABSOLUTE
    ../clib/heapaux.c                        0x00000000   Number         0  heapauxi.o ABSOLUTE
    ../clib/libinit.s                        0x00000000   Number         0  libinit2.o ABSOLUTE
    ../clib/libinit.s                        0x00000000   Number         0  libinit.o ABSOLUTE
    ../clib/libinit.s                        0x00000000   Number         0  libshutdown2.o ABSOLUTE
    ../clib/libinit.s                        0x00000000   Number         0  libshutdown.o ABSOLUTE
    ../clib/printf.c                         0x00000000   Number         0  __2printf.o ABSOLUTE
    ../clib/printf.c                         0x00000000   Number         0  _printf_char_common.o ABSOLUTE
    ../clib/printf.c                         0x00000000   Number         0  _printf_char_file.o ABSOLUTE
    ../clib/printf.c                         0x00000000   Number         0  noretval__2printf.o ABSOLUTE
    ../clib/printf.c                         0x00000000   Number         0  __printf_nopercent.o ABSOLUTE
    ../clib/signal.c                         0x00000000   Number         0  defsig_rtred_inner.o ABSOLUTE
    ../clib/signal.c                         0x00000000   Number         0  defsig_rtmem_outer.o ABSOLUTE
    ../clib/signal.c                         0x00000000   Number         0  defsig_rtmem_formal.o ABSOLUTE
    ../clib/signal.c                         0x00000000   Number         0  defsig_segv_inner.o ABSOLUTE
    ../clib/signal.c                         0x00000000   Number         0  defsig_other.o ABSOLUTE
    ../clib/signal.c                         0x00000000   Number         0  defsig_cppl_inner.o ABSOLUTE
    ../clib/signal.c                         0x00000000   Number         0  defsig_general.o ABSOLUTE
    ../clib/signal.c                         0x00000000   Number         0  defsig_abrt_inner.o ABSOLUTE
    ../clib/signal.c                         0x00000000   Number         0  defsig_rtmem_inner.o ABSOLUTE
    ../clib/signal.c                         0x00000000   Number         0  defsig_exit.o ABSOLUTE
    ../clib/signal.c                         0x00000000   Number         0  defsig_fpe_inner.o ABSOLUTE
    ../clib/signal.c                         0x00000000   Number         0  __raise.o ABSOLUTE
    ../clib/signal.c                         0x00000000   Number         0  defsig_stak_inner.o ABSOLUTE
    ../clib/signal.c                         0x00000000   Number         0  defsig_pvfn_inner.o ABSOLUTE
    ../clib/signal.s                         0x00000000   Number         0  defsig.o ABSOLUTE
    ../clib/stdio.c                          0x00000000   Number         0  ferror_locked.o ABSOLUTE
    ../clib/stdio.c                          0x00000000   Number         0  ferror.o ABSOLUTE
    ../clib/stdlib.c                         0x00000000   Number         0  exit.o ABSOLUTE
    ../fplib/fpinit.s                        0x00000000   Number         0  fpinit.o ABSOLUTE
    ..\..\STM32_Lib\STM32F4xx_DSP_StdPeriph_Lib\Libraries\CMSIS\Device\ST\STM32F4xx\Source\Templates\arm\startup_stm32f40_41xxx.s 0x00000000   Number         0  startup_stm32f40_41xxx.o ABSOLUTE
    ..\..\STM32_Lib\STM32F4xx_DSP_StdPeriph_Lib\Libraries\CMSIS\Device\ST\STM32F4xx\Source\Templates\system_stm32f4xx.c 0x00000000   Number         0  system_stm32f4xx.o ABSOLUTE
    ..\..\STM32_Lib\STM32F4xx_DSP_StdPeriph_Lib\Libraries\STM32F4xx_StdPeriph_Driver\src\misc.c 0x00000000   Number         0  misc.o ABSOLUTE
    ..\..\STM32_Lib\STM32F4xx_DSP_StdPeriph_Lib\Libraries\STM32F4xx_StdPeriph_Driver\src\stm32f4xx_adc.c 0x00000000   Number         0  stm32f4xx_adc.o ABSOLUTE
    ..\..\STM32_Lib\STM32F4xx_DSP_StdPeriph_Lib\Libraries\STM32F4xx_StdPeriph_Driver\src\stm32f4xx_dma.c 0x00000000   Number         0  stm32f4xx_dma.o ABSOLUTE
    ..\..\STM32_Lib\STM32F4xx_DSP_StdPeriph_Lib\Libraries\STM32F4xx_StdPeriph_Driver\src\stm32f4xx_exti.c 0x00000000   Number         0  stm32f4xx_exti.o ABSOLUTE
    ..\..\STM32_Lib\STM32F4xx_DSP_StdPeriph_Lib\Libraries\STM32F4xx_StdPeriph_Driver\src\stm32f4xx_gpio.c 0x00000000   Number         0  stm32f4xx_gpio.o ABSOLUTE
    ..\..\STM32_Lib\STM32F4xx_DSP_StdPeriph_Lib\Libraries\STM32F4xx_StdPeriph_Driver\src\stm32f4xx_rcc.c 0x00000000   Number         0  stm32f4xx_rcc.o ABSOLUTE
    ..\..\STM32_Lib\STM32F4xx_DSP_StdPeriph_Lib\Libraries\STM32F4xx_StdPeriph_Driver\src\stm32f4xx_sdio.c 0x00000000   Number         0  stm32f4xx_sdio.o ABSOLUTE
    ..\..\STM32_Lib\STM32F4xx_DSP_StdPeriph_Lib\Libraries\STM32F4xx_StdPeriph_Driver\src\stm32f4xx_spi.c 0x00000000   Number         0  stm32f4xx_spi.o ABSOLUTE
    ..\..\STM32_Lib\STM32F4xx_DSP_StdPeriph_Lib\Libraries\STM32F4xx_StdPeriph_Driver\src\stm32f4xx_syscfg.c 0x00000000   Number         0  stm32f4xx_syscfg.o ABSOLUTE
    ..\..\STM32_Lib\STM32F4xx_DSP_StdPeriph_Lib\Libraries\STM32F4xx_StdPeriph_Driver\src\stm32f4xx_tim.c 0x00000000   Number         0  stm32f4xx_tim.o ABSOLUTE
    ..\..\STM32_Lib\STM32F4xx_DSP_StdPeriph_Lib\Libraries\STM32F4xx_StdPeriph_Driver\src\stm32f4xx_usart.c 0x00000000   Number         0  stm32f4xx_usart.o ABSOLUTE
    ..\Third_Party\fat_fs\src\diskio.c       0x00000000   Number         0  diskio.o ABSOLUTE
    ..\Third_Party\fat_fs\src\ff.c           0x00000000   Number         0  ff.o ABSOLUTE
    ..\\..\\STM32_Lib\\STM32F4xx_DSP_StdPeriph_Lib\\Libraries\\CMSIS\\Device\\ST\\STM32F4xx\\Source\\Templates\\system_stm32f4xx.c 0x00000000   Number         0  system_stm32f4xx.o ABSOLUTE
    ..\\..\\STM32_Lib\\STM32F4xx_DSP_StdPeriph_Lib\\Libraries\\STM32F4xx_StdPeriph_Driver\\src\\misc.c 0x00000000   Number         0  misc.o ABSOLUTE
    ..\\..\\STM32_Lib\\STM32F4xx_DSP_StdPeriph_Lib\\Libraries\\STM32F4xx_StdPeriph_Driver\\src\\stm32f4xx_adc.c 0x00000000   Number         0  stm32f4xx_adc.o ABSOLUTE
    ..\\..\\STM32_Lib\\STM32F4xx_DSP_StdPeriph_Lib\\Libraries\\STM32F4xx_StdPeriph_Driver\\src\\stm32f4xx_dma.c 0x00000000   Number         0  stm32f4xx_dma.o ABSOLUTE
    ..\\..\\STM32_Lib\\STM32F4xx_DSP_StdPeriph_Lib\\Libraries\\STM32F4xx_StdPeriph_Driver\\src\\stm32f4xx_exti.c 0x00000000   Number         0  stm32f4xx_exti.o ABSOLUTE
    ..\\..\\STM32_Lib\\STM32F4xx_DSP_StdPeriph_Lib\\Libraries\\STM32F4xx_StdPeriph_Driver\\src\\stm32f4xx_gpio.c 0x00000000   Number         0  stm32f4xx_gpio.o ABSOLUTE
    ..\\..\\STM32_Lib\\STM32F4xx_DSP_StdPeriph_Lib\\Libraries\\STM32F4xx_StdPeriph_Driver\\src\\stm32f4xx_rcc.c 0x00000000   Number         0  stm32f4xx_rcc.o ABSOLUTE
    ..\\..\\STM32_Lib\\STM32F4xx_DSP_StdPeriph_Lib\\Libraries\\STM32F4xx_StdPeriph_Driver\\src\\stm32f4xx_sdio.c 0x00000000   Number         0  stm32f4xx_sdio.o ABSOLUTE
    ..\\..\\STM32_Lib\\STM32F4xx_DSP_StdPeriph_Lib\\Libraries\\STM32F4xx_StdPeriph_Driver\\src\\stm32f4xx_spi.c 0x00000000   Number         0  stm32f4xx_spi.o ABSOLUTE
    ..\\..\\STM32_Lib\\STM32F4xx_DSP_StdPeriph_Lib\\Libraries\\STM32F4xx_StdPeriph_Driver\\src\\stm32f4xx_syscfg.c 0x00000000   Number         0  stm32f4xx_syscfg.o ABSOLUTE
    ..\\..\\STM32_Lib\\STM32F4xx_DSP_StdPeriph_Lib\\Libraries\\STM32F4xx_StdPeriph_Driver\\src\\stm32f4xx_tim.c 0x00000000   Number         0  stm32f4xx_tim.o ABSOLUTE
    ..\\..\\STM32_Lib\\STM32F4xx_DSP_StdPeriph_Lib\\Libraries\\STM32F4xx_StdPeriph_Driver\\src\\stm32f4xx_usart.c 0x00000000   Number         0  stm32f4xx_usart.o ABSOLUTE
    ..\\Third_Party\\fat_fs\\src\\diskio.c   0x00000000   Number         0  diskio.o ABSOLUTE
    ..\\bsp\\CS4334.c                        0x00000000   Number         0  cs4334.o ABSOLUTE
    ..\\bsp\\delay.c                         0x00000000   Number         0  delay.o ABSOLUTE
    ..\\bsp\\sdio_sd.c                       0x00000000   Number         0  sdio_sd.o ABSOLUTE
    ..\\bsp\\spi.c                           0x00000000   Number         0  spi.o ABSOLUTE
    ..\\bsp\\usart.c                         0x00000000   Number         0  usart.o ABSOLUTE
    ..\\common\\stm32f4xx_it.c               0x00000000   Number         0  stm32f4xx_it.o ABSOLUTE
    ..\\user\\main.c                         0x00000000   Number         0  main.o ABSOLUTE
    ..\\user\\wavplayer.c                    0x00000000   Number         0  wavplayer.o ABSOLUTE
    ..\bsp\CS4334.c                          0x00000000   Number         0  cs4334.o ABSOLUTE
    ..\bsp\delay.c                           0x00000000   Number         0  delay.o ABSOLUTE
    ..\bsp\sdio_sd.c                         0x00000000   Number         0  sdio_sd.o ABSOLUTE
    ..\bsp\spi.c                             0x00000000   Number         0  spi.o ABSOLUTE
    ..\bsp\usart.c                           0x00000000   Number         0  usart.o ABSOLUTE
    ..\common\stm32f4xx_it.c                 0x00000000   Number         0  stm32f4xx_it.o ABSOLUTE
    ..\user\main.c                           0x00000000   Number         0  main.o ABSOLUTE
    ..\user\wavplayer.c                      0x00000000   Number         0  wavplayer.o ABSOLUTE
    dc.s                                     0x00000000   Number         0  dc.o ABSOLUTE
    RESET                                    0x08000000   Section      392  startup_stm32f40_41xxx.o(RESET)
    !!!main                                  0x08000188   Section        8  __main.o(!!!main)
    !!!scatter                               0x08000190   Section       52  __scatter.o(!!!scatter)
    !!handler_copy                           0x080001c4   Section       26  __scatter_copy.o(!!handler_copy)
    !!handler_zi                             0x080001e0   Section       28  __scatter_zi.o(!!handler_zi)
    .ARM.Collect$$libinit$$00000000          0x080001fc   Section        2  libinit.o(.ARM.Collect$$libinit$$00000000)
    .ARM.Collect$$libinit$$00000001          0x080001fe   Section        4  libinit2.o(.ARM.Collect$$libinit$$00000001)
    .ARM.Collect$$libinit$$00000008          0x08000202   Section        0  libinit2.o(.ARM.Collect$$libinit$$00000008)
    .ARM.Collect$$libinit$$0000000A          0x08000202   Section        0  libinit2.o(.ARM.Collect$$libinit$$0000000A)
    .ARM.Collect$$libinit$$0000000C          0x08000202   Section        0  libinit2.o(.ARM.Collect$$libinit$$0000000C)
    .ARM.Collect$$libinit$$0000000F          0x08000202   Section        0  libinit2.o(.ARM.Collect$$libinit$$0000000F)
    .ARM.Collect$$libinit$$00000011          0x08000202   Section        0  libinit2.o(.ARM.Collect$$libinit$$00000011)
    .ARM.Collect$$libinit$$00000013          0x08000202   Section        0  libinit2.o(.ARM.Collect$$libinit$$00000013)
    .ARM.Collect$$libinit$$00000015          0x08000202   Section        0  libinit2.o(.ARM.Collect$$libinit$$00000015)
    .ARM.Collect$$libinit$$00000017          0x08000202   Section        0  libinit2.o(.ARM.Collect$$libinit$$00000017)
    .ARM.Collect$$libinit$$00000019          0x08000202   Section        0  libinit2.o(.ARM.Collect$$libinit$$00000019)
    .ARM.Collect$$libinit$$0000001B          0x08000202   Section        0  libinit2.o(.ARM.Collect$$libinit$$0000001B)
    .ARM.Collect$$libinit$$0000001D          0x08000202   Section        0  libinit2.o(.ARM.Collect$$libinit$$0000001D)
    .ARM.Collect$$libinit$$0000001F          0x08000202   Section        0  libinit2.o(.ARM.Collect$$libinit$$0000001F)
    .ARM.Collect$$libinit$$00000021          0x08000202   Section        0  libinit2.o(.ARM.Collect$$libinit$$00000021)
    .ARM.Collect$$libinit$$00000023          0x08000202   Section        0  libinit2.o(.ARM.Collect$$libinit$$00000023)
    .ARM.Collect$$libinit$$0000002A          0x08000202   Section        0  libinit2.o(.ARM.Collect$$libinit$$0000002A)
    .ARM.Collect$$libinit$$0000002C          0x08000202   Section        0  libinit2.o(.ARM.Collect$$libinit$$0000002C)
    .ARM.Collect$$libinit$$0000002E          0x08000202   Section        0  libinit2.o(.ARM.Collect$$libinit$$0000002E)
    .ARM.Collect$$libinit$$00000030          0x08000202   Section        0  libinit2.o(.ARM.Collect$$libinit$$00000030)
    .ARM.Collect$$libinit$$00000031          0x08000202   Section        2  libinit2.o(.ARM.Collect$$libinit$$00000031)
    .ARM.Collect$$libshutdown$$00000000      0x08000204   Section        2  libshutdown.o(.ARM.Collect$$libshutdown$$00000000)
    .ARM.Collect$$libshutdown$$00000003      0x08000206   Section        0  libshutdown2.o(.ARM.Collect$$libshutdown$$00000003)
    .ARM.Collect$$libshutdown$$00000006      0x08000206   Section        0  libshutdown2.o(.ARM.Collect$$libshutdown$$00000006)
    .ARM.Collect$$libshutdown$$00000009      0x08000206   Section        0  libshutdown2.o(.ARM.Collect$$libshutdown$$00000009)
    .ARM.Collect$$libshutdown$$0000000B      0x08000206   Section        0  libshutdown2.o(.ARM.Collect$$libshutdown$$0000000B)
    .ARM.Collect$$libshutdown$$0000000E      0x08000206   Section        0  libshutdown2.o(.ARM.Collect$$libshutdown$$0000000E)
    .ARM.Collect$$libshutdown$$0000000F      0x08000206   Section        2  libshutdown2.o(.ARM.Collect$$libshutdown$$0000000F)
    .ARM.Collect$$rtentry$$00000000          0x08000208   Section        0  rtentry.o(.ARM.Collect$$rtentry$$00000000)
    .ARM.Collect$$rtentry$$00000002          0x08000208   Section        0  rtentry2.o(.ARM.Collect$$rtentry$$00000002)
    .ARM.Collect$$rtentry$$00000004          0x08000208   Section        6  rtentry4.o(.ARM.Collect$$rtentry$$00000004)
    .ARM.Collect$$rtentry$$00000009          0x0800020e   Section        0  rtentry2.o(.ARM.Collect$$rtentry$$00000009)
    .ARM.Collect$$rtentry$$0000000A          0x0800020e   Section        4  rtentry2.o(.ARM.Collect$$rtentry$$0000000A)
    .ARM.Collect$$rtentry$$0000000C          0x08000212   Section        0  rtentry2.o(.ARM.Collect$$rtentry$$0000000C)
    .ARM.Collect$$rtentry$$0000000D          0x08000212   Section        8  rtentry2.o(.ARM.Collect$$rtentry$$0000000D)
    .ARM.Collect$$rtexit$$00000000           0x0800021a   Section        2  rtexit.o(.ARM.Collect$$rtexit$$00000000)
    .ARM.Collect$$rtexit$$00000002           0x0800021c   Section        0  rtexit2.o(.ARM.Collect$$rtexit$$00000002)
    .ARM.Collect$$rtexit$$00000003           0x0800021c   Section        4  rtexit2.o(.ARM.Collect$$rtexit$$00000003)
    .ARM.Collect$$rtexit$$00000004           0x08000220   Section        6  rtexit2.o(.ARM.Collect$$rtexit$$00000004)
    .text                                    0x08000228   Section       64  startup_stm32f40_41xxx.o(.text)
    $v0                                      0x08000228   Number         0  startup_stm32f40_41xxx.o(.text)
    .text                                    0x08000268   Section        2  use_no_semi_2.o(.text)
    .text                                    0x0800026c   Section        0  noretval__2printf.o(.text)
    .text                                    0x08000284   Section        0  heapauxi.o(.text)
    .text                                    0x0800028a   Section        2  use_no_semi.o(.text)
    .text                                    0x0800028c   Section        0  _printf_char_file.o(.text)
    .text                                    0x080002b0   Section        0  _printf_char_common.o(.text)
    _printf_input_char                       0x080002b1   Thumb Code    10  _printf_char_common.o(.text)
    .text                                    0x080002e0   Section        0  ferror.o(.text)
    .text                                    0x080002e8   Section       74  sys_stackheap_outer.o(.text)
    .text                                    0x08000332   Section        0  __printf_nopercent.o(.text)
    .text                                    0x0800035a   Section        0  exit.o(.text)
    .text                                    0x08000368   Section        8  libspace.o(.text)
    i.AUDIO_Init                             0x08000370   Section        0  cs4334.o(i.AUDIO_Init)
    i.AUDIO_TransferComplete                 0x08000384   Section        0  wavplayer.o(i.AUDIO_TransferComplete)
    i.Audio_DMA_Init                         0x080003b8   Section        0  cs4334.o(i.Audio_DMA_Init)
    i.Audio_I2S_Init                         0x08000454   Section        0  cs4334.o(i.Audio_I2S_Init)
    i.Audio_MAL_Play                         0x08000490   Section        0  cs4334.o(i.Audio_MAL_Play)
    i.BusFault_Handler                       0x080004d0   Section        0  stm32f4xx_it.o(i.BusFault_Handler)
    i.COM1Init                               0x080004d4   Section        0  usart.o(i.COM1Init)
    i.CmdError                               0x08000564   Section        0  sdio_sd.o(i.CmdError)
    CmdError                                 0x08000565   Thumb Code    44  sdio_sd.o(i.CmdError)
    i.CmdResp1Error                          0x08000590   Section        0  sdio_sd.o(i.CmdResp1Error)
    CmdResp1Error                            0x08000591   Thumb Code   298  sdio_sd.o(i.CmdResp1Error)
    i.CmdResp2Error                          0x080006c4   Section        0  sdio_sd.o(i.CmdResp2Error)
    CmdResp2Error                            0x080006c5   Thumb Code    70  sdio_sd.o(i.CmdResp2Error)
    i.CmdResp3Error                          0x08000710   Section        0  sdio_sd.o(i.CmdResp3Error)
    CmdResp3Error                            0x08000711   Thumb Code    52  sdio_sd.o(i.CmdResp3Error)
    i.CmdResp6Error                          0x08000748   Section        0  sdio_sd.o(i.CmdResp6Error)
    CmdResp6Error                            0x08000749   Thumb Code   152  sdio_sd.o(i.CmdResp6Error)
    i.CmdResp7Error                          0x080007e4   Section        0  sdio_sd.o(i.CmdResp7Error)
    CmdResp7Error                            0x080007e5   Thumb Code    72  sdio_sd.o(i.CmdResp7Error)
    i.DMA1_Stream4_IRQHandler                0x08000830   Section        0  cs4334.o(i.DMA1_Stream4_IRQHandler)
    i.DMA_ClearFlag                          0x08000900   Section        0  stm32f4xx_dma.o(i.DMA_ClearFlag)
    i.DMA_Cmd                                0x08000934   Section        0  stm32f4xx_dma.o(i.DMA_Cmd)
    i.DMA_DeInit                             0x0800094c   Section        0  stm32f4xx_dma.o(i.DMA_DeInit)
    i.DMA_FlowControllerConfig               0x08000aa4   Section        0  stm32f4xx_dma.o(i.DMA_FlowControllerConfig)
    i.DMA_GetCmdStatus                       0x08000aba   Section        0  stm32f4xx_dma.o(i.DMA_GetCmdStatus)
    i.DMA_GetFlagStatus                      0x08000ad0   Section        0  stm32f4xx_dma.o(i.DMA_GetFlagStatus)
    i.DMA_ITConfig                           0x08000b14   Section        0  stm32f4xx_dma.o(i.DMA_ITConfig)
    i.DMA_Init                               0x08000b50   Section        0  stm32f4xx_dma.o(i.DMA_Init)
    i.DebugMon_Handler                       0x08000ba8   Section        0  stm32f4xx_it.o(i.DebugMon_Handler)
    i.FindSCR                                0x08000bac   Section        0  sdio_sd.o(i.FindSCR)
    FindSCR                                  0x08000bad   Thumb Code   386  sdio_sd.o(i.FindSCR)
    i.GPIO_Init                              0x08000d40   Section        0  stm32f4xx_gpio.o(i.GPIO_Init)
    i.GPIO_PinAFConfig                       0x08000dd0   Section        0  stm32f4xx_gpio.o(i.GPIO_PinAFConfig)
    i.HardFault_Handler                      0x08000e16   Section        0  stm32f4xx_it.o(i.HardFault_Handler)
    i.I2S_Cmd                                0x08000e1a   Section        0  stm32f4xx_spi.o(i.I2S_Cmd)
    i.I2S_GPIO_Init                          0x08000e34   Section        0  cs4334.o(i.I2S_GPIO_Init)
    i.I2S_Init                               0x08000ebc   Section        0  stm32f4xx_spi.o(i.I2S_Init)
    i.MemManage_Handler                      0x08001054   Section        0  stm32f4xx_it.o(i.MemManage_Handler)
    i.NMI_Handler                            0x08001058   Section        0  stm32f4xx_it.o(i.NMI_Handler)
    i.NVIC_Configuration                     0x0800105a   Section        0  sdio_sd.o(i.NVIC_Configuration)
    i.NVIC_Init                              0x08001094   Section        0  misc.o(i.NVIC_Init)
    i.NVIC_PriorityGroupConfig               0x0800110c   Section        0  misc.o(i.NVIC_PriorityGroupConfig)
    i.PendSV_Handler                         0x08001120   Section        0  stm32f4xx_it.o(i.PendSV_Handler)
    i.RCC_AHB1PeriphClockCmd                 0x08001124   Section        0  stm32f4xx_rcc.o(i.RCC_AHB1PeriphClockCmd)
    i.RCC_APB1PeriphClockCmd                 0x08001144   Section        0  stm32f4xx_rcc.o(i.RCC_APB1PeriphClockCmd)
    i.RCC_APB1PeriphResetCmd                 0x08001164   Section        0  stm32f4xx_rcc.o(i.RCC_APB1PeriphResetCmd)
    i.RCC_APB2PeriphClockCmd                 0x08001184   Section        0  stm32f4xx_rcc.o(i.RCC_APB2PeriphClockCmd)
    i.RCC_APB2PeriphResetCmd                 0x080011a4   Section        0  stm32f4xx_rcc.o(i.RCC_APB2PeriphResetCmd)
    i.RCC_GetClocksFreq                      0x080011c4   Section        0  stm32f4xx_rcc.o(i.RCC_GetClocksFreq)
    i.ReadUnit                               0x080012ac   Section        0  wavplayer.o(i.ReadUnit)
    i.SDEnWideBus                            0x080012d4   Section        0  sdio_sd.o(i.SDEnWideBus)
    SDEnWideBus                              0x080012d5   Thumb Code   274  sdio_sd.o(i.SDEnWideBus)
    i.SDIO_ClearFlag                         0x080013f0   Section        0  stm32f4xx_sdio.o(i.SDIO_ClearFlag)
    i.SDIO_ClockCmd                          0x080013fc   Section        0  stm32f4xx_sdio.o(i.SDIO_ClockCmd)
    i.SDIO_DMACmd                            0x08001408   Section        0  stm32f4xx_sdio.o(i.SDIO_DMACmd)
    i.SDIO_DataConfig                        0x08001414   Section        0  stm32f4xx_sdio.o(i.SDIO_DataConfig)
    i.SDIO_DeInit                            0x08001448   Section        0  stm32f4xx_sdio.o(i.SDIO_DeInit)
    i.SDIO_GetCommandResponse                0x08001460   Section        0  stm32f4xx_sdio.o(i.SDIO_GetCommandResponse)
    i.SDIO_GetFlagStatus                     0x0800146c   Section        0  stm32f4xx_sdio.o(i.SDIO_GetFlagStatus)
    i.SDIO_GetPowerState                     0x08001484   Section        0  stm32f4xx_sdio.o(i.SDIO_GetPowerState)
    i.SDIO_GetResponse                       0x08001494   Section        0  stm32f4xx_sdio.o(i.SDIO_GetResponse)
    i.SDIO_ITConfig                          0x080014ac   Section        0  stm32f4xx_sdio.o(i.SDIO_ITConfig)
    i.SDIO_Init                              0x080014cc   Section        0  stm32f4xx_sdio.o(i.SDIO_Init)
    i.SDIO_ReadData                          0x080014fc   Section        0  stm32f4xx_sdio.o(i.SDIO_ReadData)
    i.SDIO_SendCommand                       0x08001508   Section        0  stm32f4xx_sdio.o(i.SDIO_SendCommand)
    i.SDIO_SetPowerState                     0x08001534   Section        0  stm32f4xx_sdio.o(i.SDIO_SetPowerState)
    i.SD_Detect                              0x08001540   Section        0  sdio_sd.o(i.SD_Detect)
    i.SD_EnableWideBusOperation              0x0800154c   Section        0  sdio_sd.o(i.SD_EnableWideBusOperation)
    i.SD_GetCardInfo                         0x080015dc   Section        0  sdio_sd.o(i.SD_GetCardInfo)
    i.SD_GetState                            0x080018a8   Section        0  sdio_sd.o(i.SD_GetState)
    i.SD_GetStatus                           0x080018ce   Section        0  sdio_sd.o(i.SD_GetStatus)
    i.SD_Init                                0x080018ec   Section        0  sdio_sd.o(i.SD_Init)
    i.SD_InitializeCards                     0x08001974   Section        0  sdio_sd.o(i.SD_InitializeCards)
    i.SD_LowLevel_DMA_RxConfig               0x08001ab0   Section        0  sdio_sd.o(i.SD_LowLevel_DMA_RxConfig)
    i.SD_LowLevel_DMA_TxConfig               0x08001b3c   Section        0  sdio_sd.o(i.SD_LowLevel_DMA_TxConfig)
    i.SD_LowLevel_Init                       0x08001bcc   Section        0  sdio_sd.o(i.SD_LowLevel_Init)
    i.SD_PowerON                             0x08001c74   Section        0  sdio_sd.o(i.SD_PowerON)
    i.SD_ReadBlock                           0x08001e14   Section        0  sdio_sd.o(i.SD_ReadBlock)
    i.SD_ReadMultiBlocks                     0x08001ef4   Section        0  sdio_sd.o(i.SD_ReadMultiBlocks)
    i.SD_SelectDeselect                      0x08001fe0   Section        0  sdio_sd.o(i.SD_SelectDeselect)
    i.SD_SendStatus                          0x08002014   Section        0  sdio_sd.o(i.SD_SendStatus)
    i.SD_StopTransfer                        0x08002068   Section        0  sdio_sd.o(i.SD_StopTransfer)
    i.SD_WaitReadOperation                   0x0800209c   Section        0  sdio_sd.o(i.SD_WaitReadOperation)
    i.SD_WriteBlock                          0x08002118   Section        0  sdio_sd.o(i.SD_WriteBlock)
    i.SD_WriteMultiBlocks                    0x080021f4   Section        0  sdio_sd.o(i.SD_WriteMultiBlocks)
    i.SPI2_IRQHandler                        0x0800233c   Section        0  cs4334.o(i.SPI2_IRQHandler)
    i.SPI_I2S_DMACmd                         0x08002358   Section        0  stm32f4xx_spi.o(i.SPI_I2S_DMACmd)
    i.SPI_I2S_DeInit                         0x0800236c   Section        0  stm32f4xx_spi.o(i.SPI_I2S_DeInit)
    i.SPI_I2S_GetFlagStatus                  0x0800241c   Section        0  stm32f4xx_spi.o(i.SPI_I2S_GetFlagStatus)
    i.SPI_I2S_SendData                       0x0800242e   Section        0  stm32f4xx_spi.o(i.SPI_I2S_SendData)
    i.SVC_Handler                            0x08002432   Section        0  stm32f4xx_it.o(i.SVC_Handler)
    i.SetSysClock                            0x08002434   Section        0  system_stm32f4xx.o(i.SetSysClock)
    SetSysClock                              0x08002435   Thumb Code   220  system_stm32f4xx.o(i.SetSysClock)
    i.SysTick_Handler                        0x08002520   Section        0  stm32f4xx_it.o(i.SysTick_Handler)
    i.SystemInit                             0x08002528   Section        0  system_stm32f4xx.o(i.SystemInit)
    i.TimingDelay_Decrement                  0x08002590   Section        0  delay.o(i.TimingDelay_Decrement)
    i.USART_ClearFlag                        0x080025a8   Section        0  stm32f4xx_usart.o(i.USART_ClearFlag)
    i.USART_Cmd                              0x080025ba   Section        0  stm32f4xx_usart.o(i.USART_Cmd)
    i.USART_GetFlagStatus                    0x080025d2   Section        0  stm32f4xx_usart.o(i.USART_GetFlagStatus)
    i.USART_Init                             0x080025ec   Section        0  stm32f4xx_usart.o(i.USART_Init)
    i.USART_SendData                         0x080026c0   Section        0  stm32f4xx_usart.o(i.USART_SendData)
    i.UsageFault_Handler                     0x080026c8   Section        0  stm32f4xx_it.o(i.UsageFault_Handler)
    i.WaveParsing                            0x080026cc   Section        0  wavplayer.o(i.WaveParsing)
    i.Wavplay                                0x0800287c   Section        0  wavplayer.o(i.Wavplay)
    i._sys_exit                              0x080029ac   Section        0  usart.o(i._sys_exit)
    i.check_fs                               0x080029b0   Section        0  ff.o(i.check_fs)
    check_fs                                 0x080029b1   Thumb Code   138  ff.o(i.check_fs)
    i.chk_chr                                0x08002a40   Section        0  ff.o(i.chk_chr)
    chk_chr                                  0x08002a41   Thumb Code    20  ff.o(i.chk_chr)
    i.chk_mounted                            0x08002a54   Section        0  ff.o(i.chk_mounted)
    chk_mounted                              0x08002a55   Thumb Code   864  ff.o(i.chk_mounted)
    i.clust2sect                             0x08002dc4   Section        0  ff.o(i.clust2sect)
    i.create_chain                           0x08002dde   Section        0  ff.o(i.create_chain)
    create_chain                             0x08002ddf   Thumb Code   202  ff.o(i.create_chain)
    i.create_name                            0x08002ea8   Section        0  ff.o(i.create_name)
    create_name                              0x08002ea9   Thumb Code   310  ff.o(i.create_name)
    i.dir_find                               0x08002ff0   Section        0  ff.o(i.dir_find)
    dir_find                                 0x08002ff1   Thumb Code    92  ff.o(i.dir_find)
    i.dir_next                               0x0800304c   Section        0  ff.o(i.dir_next)
    dir_next                                 0x0800304d   Thumb Code   278  ff.o(i.dir_next)
    i.dir_register                           0x08003162   Section        0  ff.o(i.dir_register)
    dir_register                             0x08003163   Thumb Code   110  ff.o(i.dir_register)
    i.dir_sdi                                0x080031d0   Section        0  ff.o(i.dir_sdi)
    dir_sdi                                  0x080031d1   Thumb Code   156  ff.o(i.dir_sdi)
    i.disk_initialize                        0x0800326c   Section        0  diskio.o(i.disk_initialize)
    i.disk_read                              0x08003298   Section        0  diskio.o(i.disk_read)
    i.disk_status                            0x0800330c   Section        0  diskio.o(i.disk_status)
    i.disk_write                             0x08003330   Section        0  diskio.o(i.disk_write)
    i.f_lseek                                0x080033a0   Section        0  ff.o(i.f_lseek)
    i.f_mount                                0x08003550   Section        0  ff.o(i.f_mount)
    i.f_open                                 0x0800357c   Section        0  ff.o(i.f_open)
    i.f_read                                 0x080036e8   Section        0  ff.o(i.f_read)
    i.follow_path                            0x080038b2   Section        0  ff.o(i.follow_path)
    follow_path                              0x080038b3   Thumb Code   158  ff.o(i.follow_path)
    i.fputc                                  0x08003950   Section        0  usart.o(i.fputc)
    i.get_fat                                0x08003974   Section        0  ff.o(i.get_fat)
    i.get_fattime                            0x08003a58   Section        0  diskio.o(i.get_fattime)
    i.main                                   0x08003a5c   Section        0  main.o(i.main)
    i.mem_cmp                                0x08003a7c   Section        0  ff.o(i.mem_cmp)
    mem_cmp                                  0x08003a7d   Thumb Code    38  ff.o(i.mem_cmp)
    i.mem_cpy                                0x08003aa2   Section        0  ff.o(i.mem_cpy)
    mem_cpy                                  0x08003aa3   Thumb Code    26  ff.o(i.mem_cpy)
    i.mem_set                                0x08003abc   Section        0  ff.o(i.mem_set)
    mem_set                                  0x08003abd   Thumb Code    20  ff.o(i.mem_set)
    i.move_window                            0x08003ad0   Section        0  ff.o(i.move_window)
    move_window                              0x08003ad1   Thumb Code   114  ff.o(i.move_window)
    i.put_fat                                0x08003b42   Section        0  ff.o(i.put_fat)
    i.remove_chain                           0x08003c78   Section        0  ff.o(i.remove_chain)
    remove_chain                             0x08003c79   Thumb Code   104  ff.o(i.remove_chain)
    i.validate                               0x08003ce0   Section        0  ff.o(i.validate)
    validate                                 0x08003ce1   Thumb Code    42  ff.o(i.validate)
    x$fpl$fpinit                             0x08003d0a   Section       10  fpinit.o(x$fpl$fpinit)
    $v0                                      0x08003d0a   Number         0  fpinit.o(x$fpl$fpinit)
    .data                                    0x20000000   Section       17  wavplayer.o(.data)
    .data                                    0x20000014   Section       12  cs4334.o(.data)
    .data                                    0x20000020   Section       24  sdio_sd.o(.data)
    CardType                                 0x20000020   Data           4  sdio_sd.o(.data)
    RCA                                      0x20000024   Data           4  sdio_sd.o(.data)
    .data                                    0x20000038   Section        4  usart.o(.data)
    .data                                    0x2000003c   Section        4  delay.o(.data)
    .data                                    0x20000040   Section       16  stm32f4xx_rcc.o(.data)
    APBAHBPrescTable                         0x20000040   Data          16  stm32f4xx_rcc.o(.data)
    .data                                    0x20000050   Section        6  ff.o(.data)
    FatFs                                    0x20000050   Data           4  ff.o(.data)
    Fsid                                     0x20000054   Data           2  ff.o(.data)
    .bss                                     0x20000058   Section     4120  wavplayer.o(.bss)
    .bss                                     0x20001070   Section       60  cs4334.o(.bss)
    .bss                                     0x200010ac   Section      196  sdio_sd.o(.bss)
    CSD_Tab                                  0x200010ac   Data          16  sdio_sd.o(.bss)
    CID_Tab                                  0x200010bc   Data          16  sdio_sd.o(.bss)
    SDSTATUS_Tab                             0x200010cc   Data          16  sdio_sd.o(.bss)
    .bss                                     0x20001170   Section       96  libspace.o(.bss)
    HEAP                                     0x200011d0   Section      512  startup_stm32f40_41xxx.o(HEAP)
    Heap_Mem                                 0x200011d0   Data         512  startup_stm32f40_41xxx.o(HEAP)
    STACK                                    0x200013d0   Section    16384  startup_stm32f40_41xxx.o(STACK)
    Stack_Mem                                0x200013d0   Data       16384  startup_stm32f40_41xxx.o(STACK)
    __initial_sp                             0x200053d0   Data           0  startup_stm32f40_41xxx.o(STACK)

    Global Symbols

    Symbol Name                              Value     Ov Type        Size  Object(Section)

    BuildAttributes$$THM_ISAv4$E$P$D$K$B$S$7EM$VFPi3$EXTD16$VFPS$VFMA$PE$A:L22UL41UL21$X:L11$S22US41US21$IEEE1$IW$USESV6$~STKCKD$USESV7$~SHL$OSPACE$ROPI$EBA8$UX$STANDARDLIB$REQ8$PRES8$EABIv2 0x00000000   Number         0  anon$$obj.o ABSOLUTE
    __ARM_use_no_argv                        0x00000000   Number         0  main.o ABSOLUTE
    __ARM_exceptions_init                     - Undefined Weak Reference
    __alloca_initialize                       - Undefined Weak Reference
    __cpp_initialize__aeabi_                  - Undefined Weak Reference
    __cxa_finalize                            - Undefined Weak Reference
    __rt_locale                               - Undefined Weak Reference
    __sigvec_lookup                           - Undefined Weak Reference
    _atexit_init                              - Undefined Weak Reference
    _call_atexit_fns                          - Undefined Weak Reference
    _clock_init                               - Undefined Weak Reference
    _fp_trap_init                             - Undefined Weak Reference
    _fp_trap_shutdown                         - Undefined Weak Reference
    _get_lc_collate                           - Undefined Weak Reference
    _get_lc_ctype                             - Undefined Weak Reference
    _get_lc_monetary                          - Undefined Weak Reference
    _get_lc_numeric                           - Undefined Weak Reference
    _get_lc_time                              - Undefined Weak Reference
    _getenv_init                              - Undefined Weak Reference
    _handle_redirection                       - Undefined Weak Reference
    _init_alloc                               - Undefined Weak Reference
    _init_user_alloc                          - Undefined Weak Reference
    _initio                                   - Undefined Weak Reference
    _mutex_acquire                            - Undefined Weak Reference
    _mutex_release                            - Undefined Weak Reference
    _rand_init                                - Undefined Weak Reference
    _signal_finish                            - Undefined Weak Reference
    _signal_init                              - Undefined Weak Reference
    _terminate_alloc                          - Undefined Weak Reference
    _terminate_user_alloc                     - Undefined Weak Reference
    _terminateio                              - Undefined Weak Reference
    __Vectors_Size                           0x00000188   Number         0  startup_stm32f40_41xxx.o ABSOLUTE
    __Vectors                                0x08000000   Data           4  startup_stm32f40_41xxx.o(RESET)
    __Vectors_End                            0x08000188   Data           0  startup_stm32f40_41xxx.o(RESET)
    __main                                   0x08000189   Thumb Code     8  __main.o(!!!main)
    __scatterload                            0x08000191   Thumb Code     0  __scatter.o(!!!scatter)
    __scatterload_rt2                        0x08000191   Thumb Code    44  __scatter.o(!!!scatter)
    __scatterload_rt2_thumb_only             0x08000191   Thumb Code     0  __scatter.o(!!!scatter)
    __scatterload_null                       0x0800019f   Thumb Code     0  __scatter.o(!!!scatter)
    __scatterload_copy                       0x080001c5   Thumb Code    26  __scatter_copy.o(!!handler_copy)
    __scatterload_zeroinit                   0x080001e1   Thumb Code    28  __scatter_zi.o(!!handler_zi)
    __rt_lib_init                            0x080001fd   Thumb Code     0  libinit.o(.ARM.Collect$$libinit$$00000000)
    __rt_lib_init_fp_1                       0x080001ff   Thumb Code     0  libinit2.o(.ARM.Collect$$libinit$$00000001)
    __rt_lib_init_alloca_1                   0x08000203   Thumb Code     0  libinit2.o(.ARM.Collect$$libinit$$0000002C)
    __rt_lib_init_argv_1                     0x08000203   Thumb Code     0  libinit2.o(.ARM.Collect$$libinit$$0000002A)
    __rt_lib_init_atexit_1                   0x08000203   Thumb Code     0  libinit2.o(.ARM.Collect$$libinit$$00000019)
    __rt_lib_init_clock_1                    0x08000203   Thumb Code     0  libinit2.o(.ARM.Collect$$libinit$$0000001F)
    __rt_lib_init_cpp_1                      0x08000203   Thumb Code     0  libinit2.o(.ARM.Collect$$libinit$$00000030)
    __rt_lib_init_exceptions_1               0x08000203   Thumb Code     0  libinit2.o(.ARM.Collect$$libinit$$0000002E)
    __rt_lib_init_fp_trap_1                  0x08000203   Thumb Code     0  libinit2.o(.ARM.Collect$$libinit$$0000001D)
    __rt_lib_init_getenv_1                   0x08000203   Thumb Code     0  libinit2.o(.ARM.Collect$$libinit$$00000021)
    __rt_lib_init_heap_1                     0x08000203   Thumb Code     0  libinit2.o(.ARM.Collect$$libinit$$00000008)
    __rt_lib_init_lc_collate_1               0x08000203   Thumb Code     0  libinit2.o(.ARM.Collect$$libinit$$0000000F)
    __rt_lib_init_lc_ctype_1                 0x08000203   Thumb Code     0  libinit2.o(.ARM.Collect$$libinit$$00000011)
    __rt_lib_init_lc_monetary_1              0x08000203   Thumb Code     0  libinit2.o(.ARM.Collect$$libinit$$00000013)
    __rt_lib_init_lc_numeric_1               0x08000203   Thumb Code     0  libinit2.o(.ARM.Collect$$libinit$$00000015)
    __rt_lib_init_lc_time_1                  0x08000203   Thumb Code     0  libinit2.o(.ARM.Collect$$libinit$$00000017)
    __rt_lib_init_rand_1                     0x08000203   Thumb Code     0  libinit2.o(.ARM.Collect$$libinit$$0000000C)
    __rt_lib_init_return                     0x08000203   Thumb Code     0  libinit2.o(.ARM.Collect$$libinit$$00000031)
    __rt_lib_init_signal_1                   0x08000203   Thumb Code     0  libinit2.o(.ARM.Collect$$libinit$$0000001B)
    __rt_lib_init_stdio_1                    0x08000203   Thumb Code     0  libinit2.o(.ARM.Collect$$libinit$$00000023)
    __rt_lib_init_user_alloc_1               0x08000203   Thumb Code     0  libinit2.o(.ARM.Collect$$libinit$$0000000A)
    __rt_lib_shutdown                        0x08000205   Thumb Code     0  libshutdown.o(.ARM.Collect$$libshutdown$$00000000)
    __rt_lib_shutdown_fp_trap_1              0x08000207   Thumb Code     0  libshutdown2.o(.ARM.Collect$$libshutdown$$00000006)
    __rt_lib_shutdown_heap_1                 0x08000207   Thumb Code     0  libshutdown2.o(.ARM.Collect$$libshutdown$$0000000E)
    __rt_lib_shutdown_return                 0x08000207   Thumb Code     0  libshutdown2.o(.ARM.Collect$$libshutdown$$0000000F)
    __rt_lib_shutdown_signal_1               0x08000207   Thumb Code     0  libshutdown2.o(.ARM.Collect$$libshutdown$$00000009)
    __rt_lib_shutdown_stdio_1                0x08000207   Thumb Code     0  libshutdown2.o(.ARM.Collect$$libshutdown$$00000003)
    __rt_lib_shutdown_user_alloc_1           0x08000207   Thumb Code     0  libshutdown2.o(.ARM.Collect$$libshutdown$$0000000B)
    __rt_entry                               0x08000209   Thumb Code     0  rtentry.o(.ARM.Collect$$rtentry$$00000000)
    __rt_entry_presh_1                       0x08000209   Thumb Code     0  rtentry2.o(.ARM.Collect$$rtentry$$00000002)
    __rt_entry_sh                            0x08000209   Thumb Code     0  rtentry4.o(.ARM.Collect$$rtentry$$00000004)
    __rt_entry_li                            0x0800020f   Thumb Code     0  rtentry2.o(.ARM.Collect$$rtentry$$0000000A)
    __rt_entry_postsh_1                      0x0800020f   Thumb Code     0  rtentry2.o(.ARM.Collect$$rtentry$$00000009)
    __rt_entry_main                          0x08000213   Thumb Code     0  rtentry2.o(.ARM.Collect$$rtentry$$0000000D)
    __rt_entry_postli_1                      0x08000213   Thumb Code     0  rtentry2.o(.ARM.Collect$$rtentry$$0000000C)
    __rt_exit                                0x0800021b   Thumb Code     0  rtexit.o(.ARM.Collect$$rtexit$$00000000)
    __rt_exit_ls                             0x0800021d   Thumb Code     0  rtexit2.o(.ARM.Collect$$rtexit$$00000003)
    __rt_exit_prels_1                        0x0800021d   Thumb Code     0  rtexit2.o(.ARM.Collect$$rtexit$$00000002)
    __rt_exit_exit                           0x08000221   Thumb Code     0  rtexit2.o(.ARM.Collect$$rtexit$$00000004)
    Reset_Handler                            0x08000229   Thumb Code     8  startup_stm32f40_41xxx.o(.text)
    ADC_IRQHandler                           0x08000243   Thumb Code     0  startup_stm32f40_41xxx.o(.text)
    CAN1_RX0_IRQHandler                      0x08000243   Thumb Code     0  startup_stm32f40_41xxx.o(.text)
    CAN1_RX1_IRQHandler                      0x08000243   Thumb Code     0  startup_stm32f40_41xxx.o(.text)
    CAN1_SCE_IRQHandler                      0x08000243   Thumb Code     0  startup_stm32f40_41xxx.o(.text)
    CAN1_TX_IRQHandler                       0x08000243   Thumb Code     0  startup_stm32f40_41xxx.o(.text)
    CAN2_RX0_IRQHandler                      0x08000243   Thumb Code     0  startup_stm32f40_41xxx.o(.text)
    CAN2_RX1_IRQHandler                      0x08000243   Thumb Code     0  startup_stm32f40_41xxx.o(.text)
    CAN2_SCE_IRQHandler                      0x08000243   Thumb Code     0  startup_stm32f40_41xxx.o(.text)
    CAN2_TX_IRQHandler                       0x08000243   Thumb Code     0  startup_stm32f40_41xxx.o(.text)
    CRYP_IRQHandler                          0x08000243   Thumb Code     0  startup_stm32f40_41xxx.o(.text)
    DCMI_IRQHandler                          0x08000243   Thumb Code     0  startup_stm32f40_41xxx.o(.text)
    DMA1_Stream0_IRQHandler                  0x08000243   Thumb Code     0  startup_stm32f40_41xxx.o(.text)
    DMA1_Stream1_IRQHandler                  0x08000243   Thumb Code     0  startup_stm32f40_41xxx.o(.text)
    DMA1_Stream2_IRQHandler                  0x08000243   Thumb Code     0  startup_stm32f40_41xxx.o(.text)
    DMA1_Stream3_IRQHandler                  0x08000243   Thumb Code     0  startup_stm32f40_41xxx.o(.text)
    DMA1_Stream5_IRQHandler                  0x08000243   Thumb Code     0  startup_stm32f40_41xxx.o(.text)
    DMA1_Stream6_IRQHandler                  0x08000243   Thumb Code     0  startup_stm32f40_41xxx.o(.text)
    DMA1_Stream7_IRQHandler                  0x08000243   Thumb Code     0  startup_stm32f40_41xxx.o(.text)
    DMA2_Stream0_IRQHandler                  0x08000243   Thumb Code     0  startup_stm32f40_41xxx.o(.text)
    DMA2_Stream1_IRQHandler                  0x08000243   Thumb Code     0  startup_stm32f40_41xxx.o(.text)
    DMA2_Stream2_IRQHandler                  0x08000243   Thumb Code     0  startup_stm32f40_41xxx.o(.text)
    DMA2_Stream3_IRQHandler                  0x08000243   Thumb Code     0  startup_stm32f40_41xxx.o(.text)
    DMA2_Stream4_IRQHandler                  0x08000243   Thumb Code     0  startup_stm32f40_41xxx.o(.text)
    DMA2_Stream5_IRQHandler                  0x08000243   Thumb Code     0  startup_stm32f40_41xxx.o(.text)
    DMA2_Stream6_IRQHandler                  0x08000243   Thumb Code     0  startup_stm32f40_41xxx.o(.text)
    DMA2_Stream7_IRQHandler                  0x08000243   Thumb Code     0  startup_stm32f40_41xxx.o(.text)
    ETH_IRQHandler                           0x08000243   Thumb Code     0  startup_stm32f40_41xxx.o(.text)
    ETH_WKUP_IRQHandler                      0x08000243   Thumb Code     0  startup_stm32f40_41xxx.o(.text)
    EXTI0_IRQHandler                         0x08000243   Thumb Code     0  startup_stm32f40_41xxx.o(.text)
    EXTI15_10_IRQHandler                     0x08000243   Thumb Code     0  startup_stm32f40_41xxx.o(.text)
    EXTI1_IRQHandler                         0x08000243   Thumb Code     0  startup_stm32f40_41xxx.o(.text)
    EXTI2_IRQHandler                         0x08000243   Thumb Code     0  startup_stm32f40_41xxx.o(.text)
    EXTI3_IRQHandler                         0x08000243   Thumb Code     0  startup_stm32f40_41xxx.o(.text)
    EXTI4_IRQHandler                         0x08000243   Thumb Code     0  startup_stm32f40_41xxx.o(.text)
    EXTI9_5_IRQHandler                       0x08000243   Thumb Code     0  startup_stm32f40_41xxx.o(.text)
    FLASH_IRQHandler                         0x08000243   Thumb Code     0  startup_stm32f40_41xxx.o(.text)
    FPU_IRQHandler                           0x08000243   Thumb Code     0  startup_stm32f40_41xxx.o(.text)
    FSMC_IRQHandler                          0x08000243   Thumb Code     0  startup_stm32f40_41xxx.o(.text)
    HASH_RNG_IRQHandler                      0x08000243   Thumb Code     0  startup_stm32f40_41xxx.o(.text)
    I2C1_ER_IRQHandler                       0x08000243   Thumb Code     0  startup_stm32f40_41xxx.o(.text)
    I2C1_EV_IRQHandler                       0x08000243   Thumb Code     0  startup_stm32f40_41xxx.o(.text)
    I2C2_ER_IRQHandler                       0x08000243   Thumb Code     0  startup_stm32f40_41xxx.o(.text)
    I2C2_EV_IRQHandler                       0x08000243   Thumb Code     0  startup_stm32f40_41xxx.o(.text)
    I2C3_ER_IRQHandler                       0x08000243   Thumb Code     0  startup_stm32f40_41xxx.o(.text)
    I2C3_EV_IRQHandler                       0x08000243   Thumb Code     0  startup_stm32f40_41xxx.o(.text)
    OTG_FS_IRQHandler                        0x08000243   Thumb Code     0  startup_stm32f40_41xxx.o(.text)
    OTG_FS_WKUP_IRQHandler                   0x08000243   Thumb Code     0  startup_stm32f40_41xxx.o(.text)
    OTG_HS_EP1_IN_IRQHandler                 0x08000243   Thumb Code     0  startup_stm32f40_41xxx.o(.text)
    OTG_HS_EP1_OUT_IRQHandler                0x08000243   Thumb Code     0  startup_stm32f40_41xxx.o(.text)
    OTG_HS_IRQHandler                        0x08000243   Thumb Code     0  startup_stm32f40_41xxx.o(.text)
    OTG_HS_WKUP_IRQHandler                   0x08000243   Thumb Code     0  startup_stm32f40_41xxx.o(.text)
    PVD_IRQHandler                           0x08000243   Thumb Code     0  startup_stm32f40_41xxx.o(.text)
    RCC_IRQHandler                           0x08000243   Thumb Code     0  startup_stm32f40_41xxx.o(.text)
    RTC_Alarm_IRQHandler                     0x08000243   Thumb Code     0  startup_stm32f40_41xxx.o(.text)
    RTC_WKUP_IRQHandler                      0x08000243   Thumb Code     0  startup_stm32f40_41xxx.o(.text)
    SDIO_IRQHandler                          0x08000243   Thumb Code     0  startup_stm32f40_41xxx.o(.text)
    SPI1_IRQHandler                          0x08000243   Thumb Code     0  startup_stm32f40_41xxx.o(.text)
    SPI3_IRQHandler                          0x08000243   Thumb Code     0  startup_stm32f40_41xxx.o(.text)
    TAMP_STAMP_IRQHandler                    0x08000243   Thumb Code     0  startup_stm32f40_41xxx.o(.text)
    TIM1_BRK_TIM9_IRQHandler                 0x08000243   Thumb Code     0  startup_stm32f40_41xxx.o(.text)
    TIM1_CC_IRQHandler                       0x08000243   Thumb Code     0  startup_stm32f40_41xxx.o(.text)
    TIM1_TRG_COM_TIM11_IRQHandler            0x08000243   Thumb Code     0  startup_stm32f40_41xxx.o(.text)
    TIM1_UP_TIM10_IRQHandler                 0x08000243   Thumb Code     0  startup_stm32f40_41xxx.o(.text)
    TIM2_IRQHandler                          0x08000243   Thumb Code     0  startup_stm32f40_41xxx.o(.text)
    TIM3_IRQHandler                          0x08000243   Thumb Code     0  startup_stm32f40_41xxx.o(.text)
    TIM4_IRQHandler                          0x08000243   Thumb Code     0  startup_stm32f40_41xxx.o(.text)
    TIM5_IRQHandler                          0x08000243   Thumb Code     0  startup_stm32f40_41xxx.o(.text)
    TIM6_DAC_IRQHandler                      0x08000243   Thumb Code     0  startup_stm32f40_41xxx.o(.text)
    TIM7_IRQHandler                          0x08000243   Thumb Code     0  startup_stm32f40_41xxx.o(.text)
    TIM8_BRK_TIM12_IRQHandler                0x08000243   Thumb Code     0  startup_stm32f40_41xxx.o(.text)
    TIM8_CC_IRQHandler                       0x08000243   Thumb Code     0  startup_stm32f40_41xxx.o(.text)
    TIM8_TRG_COM_TIM14_IRQHandler            0x08000243   Thumb Code     0  startup_stm32f40_41xxx.o(.text)
    TIM8_UP_TIM13_IRQHandler                 0x08000243   Thumb Code     0  startup_stm32f40_41xxx.o(.text)
    UART4_IRQHandler                         0x08000243   Thumb Code     0  startup_stm32f40_41xxx.o(.text)
    UART5_IRQHandler                         0x08000243   Thumb Code     0  startup_stm32f40_41xxx.o(.text)
    USART1_IRQHandler                        0x08000243   Thumb Code     0  startup_stm32f40_41xxx.o(.text)
    USART2_IRQHandler                        0x08000243   Thumb Code     0  startup_stm32f40_41xxx.o(.text)
    USART3_IRQHandler                        0x08000243   Thumb Code     0  startup_stm32f40_41xxx.o(.text)
    USART6_IRQHandler                        0x08000243   Thumb Code     0  startup_stm32f40_41xxx.o(.text)
    WWDG_IRQHandler                          0x08000243   Thumb Code     0  startup_stm32f40_41xxx.o(.text)
    __user_initial_stackheap                 0x08000245   Thumb Code     0  startup_stm32f40_41xxx.o(.text)
    __use_no_semihosting                     0x08000269   Thumb Code     2  use_no_semi_2.o(.text)
    __2printf                                0x0800026d   Thumb Code    20  noretval__2printf.o(.text)
    __use_two_region_memory                  0x08000285   Thumb Code     2  heapauxi.o(.text)
    __rt_heap_escrow$2region                 0x08000287   Thumb Code     2  heapauxi.o(.text)
    __rt_heap_expand$2region                 0x08000289   Thumb Code     2  heapauxi.o(.text)
    __I$use$semihosting                      0x0800028b   Thumb Code     0  use_no_semi.o(.text)
    __use_no_semihosting_swi                 0x0800028b   Thumb Code     2  use_no_semi.o(.text)
    _printf_char_file                        0x0800028d   Thumb Code    32  _printf_char_file.o(.text)
    _printf_char_common                      0x080002bb   Thumb Code    32  _printf_char_common.o(.text)
    ferror                                   0x080002e1   Thumb Code     8  ferror.o(.text)
    __user_setup_stackheap                   0x080002e9   Thumb Code    74  sys_stackheap_outer.o(.text)
    __printf                                 0x08000333   Thumb Code    40  __printf_nopercent.o(.text)
    exit                                     0x0800035b   Thumb Code    12  exit.o(.text)
    __user_libspace                          0x08000369   Thumb Code     8  libspace.o(.text)
    __user_perproc_libspace                  0x08000369   Thumb Code     0  libspace.o(.text)
    __user_perthread_libspace                0x08000369   Thumb Code     0  libspace.o(.text)
    AUDIO_Init                               0x08000371   Thumb Code    20  cs4334.o(i.AUDIO_Init)
    AUDIO_TransferComplete                   0x08000385   Thumb Code    42  wavplayer.o(i.AUDIO_TransferComplete)
    Audio_DMA_Init                           0x080003b9   Thumb Code   144  cs4334.o(i.Audio_DMA_Init)
    Audio_I2S_Init                           0x08000455   Thumb Code    56  cs4334.o(i.Audio_I2S_Init)
    Audio_MAL_Play                           0x08000491   Thumb Code    52  cs4334.o(i.Audio_MAL_Play)
    BusFault_Handler                         0x080004d1   Thumb Code     4  stm32f4xx_it.o(i.BusFault_Handler)
    COM1Init                                 0x080004d5   Thumb Code   134  usart.o(i.COM1Init)
    DMA1_Stream4_IRQHandler                  0x08000831   Thumb Code   188  cs4334.o(i.DMA1_Stream4_IRQHandler)
    DMA_ClearFlag                            0x08000901   Thumb Code    38  stm32f4xx_dma.o(i.DMA_ClearFlag)
    DMA_Cmd                                  0x08000935   Thumb Code    22  stm32f4xx_dma.o(i.DMA_Cmd)
    DMA_DeInit                               0x0800094d   Thumb Code   324  stm32f4xx_dma.o(i.DMA_DeInit)
    DMA_FlowControllerConfig                 0x08000aa5   Thumb Code    22  stm32f4xx_dma.o(i.DMA_FlowControllerConfig)
    DMA_GetCmdStatus                         0x08000abb   Thumb Code    20  stm32f4xx_dma.o(i.DMA_GetCmdStatus)
    DMA_GetFlagStatus                        0x08000ad1   Thumb Code    54  stm32f4xx_dma.o(i.DMA_GetFlagStatus)
    DMA_ITConfig                             0x08000b15   Thumb Code    58  stm32f4xx_dma.o(i.DMA_ITConfig)
    DMA_Init                                 0x08000b51   Thumb Code    82  stm32f4xx_dma.o(i.DMA_Init)
    DebugMon_Handler                         0x08000ba9   Thumb Code     2  stm32f4xx_it.o(i.DebugMon_Handler)
    GPIO_Init                                0x08000d41   Thumb Code   144  stm32f4xx_gpio.o(i.GPIO_Init)
    GPIO_PinAFConfig                         0x08000dd1   Thumb Code    70  stm32f4xx_gpio.o(i.GPIO_PinAFConfig)
    HardFault_Handler                        0x08000e17   Thumb Code     4  stm32f4xx_it.o(i.HardFault_Handler)
    I2S_Cmd                                  0x08000e1b   Thumb Code    24  stm32f4xx_spi.o(i.I2S_Cmd)
    I2S_GPIO_Init                            0x08000e35   Thumb Code   126  cs4334.o(i.I2S_GPIO_Init)
    I2S_Init                                 0x08000ebd   Thumb Code   396  stm32f4xx_spi.o(i.I2S_Init)
    MemManage_Handler                        0x08001055   Thumb Code     4  stm32f4xx_it.o(i.MemManage_Handler)
    NMI_Handler                              0x08001059   Thumb Code     2  stm32f4xx_it.o(i.NMI_Handler)
    NVIC_Configuration                       0x0800105b   Thumb Code    58  sdio_sd.o(i.NVIC_Configuration)
    NVIC_Init                                0x08001095   Thumb Code   106  misc.o(i.NVIC_Init)
    NVIC_PriorityGroupConfig                 0x0800110d   Thumb Code    10  misc.o(i.NVIC_PriorityGroupConfig)
    PendSV_Handler                           0x08001121   Thumb Code     2  stm32f4xx_it.o(i.PendSV_Handler)
    RCC_AHB1PeriphClockCmd                   0x08001125   Thumb Code    26  stm32f4xx_rcc.o(i.RCC_AHB1PeriphClockCmd)
    RCC_APB1PeriphClockCmd                   0x08001145   Thumb Code    26  stm32f4xx_rcc.o(i.RCC_APB1PeriphClockCmd)
    RCC_APB1PeriphResetCmd                   0x08001165   Thumb Code    26  stm32f4xx_rcc.o(i.RCC_APB1PeriphResetCmd)
    RCC_APB2PeriphClockCmd                   0x08001185   Thumb Code    26  stm32f4xx_rcc.o(i.RCC_APB2PeriphClockCmd)
    RCC_APB2PeriphResetCmd                   0x080011a5   Thumb Code    26  stm32f4xx_rcc.o(i.RCC_APB2PeriphResetCmd)
    RCC_GetClocksFreq                        0x080011c5   Thumb Code   214  stm32f4xx_rcc.o(i.RCC_GetClocksFreq)
    ReadUnit                                 0x080012ad   Thumb Code    38  wavplayer.o(i.ReadUnit)
    SDIO_ClearFlag                           0x080013f1   Thumb Code     6  stm32f4xx_sdio.o(i.SDIO_ClearFlag)
    SDIO_ClockCmd                            0x080013fd   Thumb Code     6  stm32f4xx_sdio.o(i.SDIO_ClockCmd)
    SDIO_DMACmd                              0x08001409   Thumb Code     6  stm32f4xx_sdio.o(i.SDIO_DMACmd)
    SDIO_DataConfig                          0x08001415   Thumb Code    46  stm32f4xx_sdio.o(i.SDIO_DataConfig)
    SDIO_DeInit                              0x08001449   Thumb Code    22  stm32f4xx_sdio.o(i.SDIO_DeInit)
    SDIO_GetCommandResponse                  0x08001461   Thumb Code     8  stm32f4xx_sdio.o(i.SDIO_GetCommandResponse)
    SDIO_GetFlagStatus                       0x0800146d   Thumb Code    20  stm32f4xx_sdio.o(i.SDIO_GetFlagStatus)
    SDIO_GetPowerState                       0x08001485   Thumb Code    10  stm32f4xx_sdio.o(i.SDIO_GetPowerState)
    SDIO_GetResponse                         0x08001495   Thumb Code    20  stm32f4xx_sdio.o(i.SDIO_GetResponse)
    SDIO_ITConfig                            0x080014ad   Thumb Code    26  stm32f4xx_sdio.o(i.SDIO_ITConfig)
    SDIO_Init                                0x080014cd   Thumb Code    42  stm32f4xx_sdio.o(i.SDIO_Init)
    SDIO_ReadData                            0x080014fd   Thumb Code     6  stm32f4xx_sdio.o(i.SDIO_ReadData)
    SDIO_SendCommand                         0x08001509   Thumb Code    40  stm32f4xx_sdio.o(i.SDIO_SendCommand)
    SDIO_SetPowerState                       0x08001535   Thumb Code     6  stm32f4xx_sdio.o(i.SDIO_SetPowerState)
    SD_Detect                                0x08001541   Thumb Code    12  sdio_sd.o(i.SD_Detect)
    SD_EnableWideBusOperation                0x0800154d   Thumb Code   136  sdio_sd.o(i.SD_EnableWideBusOperation)
    SD_GetCardInfo                           0x080015dd   Thumb Code   700  sdio_sd.o(i.SD_GetCardInfo)
    SD_GetState                              0x080018a9   Thumb Code    38  sdio_sd.o(i.SD_GetState)
    SD_GetStatus                             0x080018cf   Thumb Code    30  sdio_sd.o(i.SD_GetStatus)
    SD_Init                                  0x080018ed   Thumb Code   126  sdio_sd.o(i.SD_Init)
    SD_InitializeCards                       0x08001975   Thumb Code   294  sdio_sd.o(i.SD_InitializeCards)
    SD_LowLevel_DMA_RxConfig                 0x08001ab1   Thumb Code   132  sdio_sd.o(i.SD_LowLevel_DMA_RxConfig)
    SD_LowLevel_DMA_TxConfig                 0x08001b3d   Thumb Code   134  sdio_sd.o(i.SD_LowLevel_DMA_TxConfig)
    SD_LowLevel_Init                         0x08001bcd   Thumb Code   158  sdio_sd.o(i.SD_LowLevel_Init)
    SD_PowerON                               0x08001c75   Thumb Code   400  sdio_sd.o(i.SD_PowerON)
    SD_ReadBlock                             0x08001e15   Thumb Code   196  sdio_sd.o(i.SD_ReadBlock)
    SD_ReadMultiBlocks                       0x08001ef5   Thumb Code   206  sdio_sd.o(i.SD_ReadMultiBlocks)
    SD_SelectDeselect                        0x08001fe1   Thumb Code    48  sdio_sd.o(i.SD_SelectDeselect)
    SD_SendStatus                            0x08002015   Thumb Code    74  sdio_sd.o(i.SD_SendStatus)
    SD_StopTransfer                          0x08002069   Thumb Code    46  sdio_sd.o(i.SD_StopTransfer)
    SD_WaitReadOperation                     0x0800209d   Thumb Code   102  sdio_sd.o(i.SD_WaitReadOperation)
    SD_WriteBlock                            0x08002119   Thumb Code   192  sdio_sd.o(i.SD_WriteBlock)
    SD_WriteMultiBlocks                      0x080021f5   Thumb Code   294  sdio_sd.o(i.SD_WriteMultiBlocks)
    SPI2_IRQHandler                          0x0800233d   Thumb Code    22  cs4334.o(i.SPI2_IRQHandler)
    SPI_I2S_DMACmd                           0x08002359   Thumb Code    18  stm32f4xx_spi.o(i.SPI_I2S_DMACmd)
    SPI_I2S_DeInit                           0x0800236d   Thumb Code   152  stm32f4xx_spi.o(i.SPI_I2S_DeInit)
    SPI_I2S_GetFlagStatus                    0x0800241d   Thumb Code    18  stm32f4xx_spi.o(i.SPI_I2S_GetFlagStatus)
    SPI_I2S_SendData                         0x0800242f   Thumb Code     4  stm32f4xx_spi.o(i.SPI_I2S_SendData)
    SVC_Handler                              0x08002433   Thumb Code     2  stm32f4xx_it.o(i.SVC_Handler)
    SysTick_Handler                          0x08002521   Thumb Code     8  stm32f4xx_it.o(i.SysTick_Handler)
    SystemInit                               0x08002529   Thumb Code    88  system_stm32f4xx.o(i.SystemInit)
    TimingDelay_Decrement                    0x08002591   Thumb Code    18  delay.o(i.TimingDelay_Decrement)
    USART_ClearFlag                          0x080025a9   Thumb Code    18  stm32f4xx_usart.o(i.USART_ClearFlag)
    USART_Cmd                                0x080025bb   Thumb Code    24  stm32f4xx_usart.o(i.USART_Cmd)
    USART_GetFlagStatus                      0x080025d3   Thumb Code    26  stm32f4xx_usart.o(i.USART_GetFlagStatus)
    USART_Init                               0x080025ed   Thumb Code   204  stm32f4xx_usart.o(i.USART_Init)
    USART_SendData                           0x080026c1   Thumb Code     8  stm32f4xx_usart.o(i.USART_SendData)
    UsageFault_Handler                       0x080026c9   Thumb Code     4  stm32f4xx_it.o(i.UsageFault_Handler)
    WaveParsing                              0x080026cd   Thumb Code   396  wavplayer.o(i.WaveParsing)
    Wavplay                                  0x0800287d   Thumb Code   242  wavplayer.o(i.Wavplay)
    _sys_exit                                0x080029ad   Thumb Code     4  usart.o(i._sys_exit)
    clust2sect                               0x08002dc5   Thumb Code    26  ff.o(i.clust2sect)
    disk_initialize                          0x0800326d   Thumb Code    44  diskio.o(i.disk_initialize)
    disk_read                                0x08003299   Thumb Code   112  diskio.o(i.disk_read)
    disk_status                              0x0800330d   Thumb Code    34  diskio.o(i.disk_status)
    disk_write                               0x08003331   Thumb Code   106  diskio.o(i.disk_write)
    f_lseek                                  0x080033a1   Thumb Code   432  ff.o(i.f_lseek)
    f_mount                                  0x08003551   Thumb Code    38  ff.o(i.f_mount)
    f_open                                   0x0800357d   Thumb Code   364  ff.o(i.f_open)
    f_read                                   0x080036e9   Thumb Code   458  ff.o(i.f_read)
    fputc                                    0x08003951   Thumb Code    32  usart.o(i.fputc)
    get_fat                                  0x08003975   Thumb Code   228  ff.o(i.get_fat)
    get_fattime                              0x08003a59   Thumb Code     4  diskio.o(i.get_fattime)
    main                                     0x08003a5d   Thumb Code    22  main.o(i.main)
    put_fat                                  0x08003b43   Thumb Code   310  ff.o(i.put_fat)
    _fp_init                                 0x08003d0b   Thumb Code    10  fpinit.o(x$fpl$fpinit)
    __fplib_config_fpu_vfp                   0x08003d13   Thumb Code     0  fpinit.o(x$fpl$fpinit)
    __fplib_config_pureend_doubles           0x08003d13   Thumb Code     0  fpinit.o(x$fpl$fpinit)
    Region$$Table$$Base                      0x08003d14   Number         0  anon$$obj.o(Region$$Table)
    Region$$Table$$Limit                     0x08003d34   Number         0  anon$$obj.o(Region$$Table)
    WaveLen                                  0x20000000   Data           4  wavplayer.o(.data)
    XferCplt                                 0x20000004   Data           4  wavplayer.o(.data)
    DataOffset                               0x20000008   Data           4  wavplayer.o(.data)
    WaveCounter                              0x2000000c   Data           4  wavplayer.o(.data)
    buffer_switch                            0x20000010   Data           1  wavplayer.o(.data)
    AudioTotalSize                           0x20000014   Data           4  cs4334.o(.data)
    AudioRemSize                             0x20000018   Data           4  cs4334.o(.data)
    CurrentPos                               0x2000001c   Data           4  cs4334.o(.data)
    StopCondition                            0x20000028   Data           4  sdio_sd.o(.data)
    TransferError                            0x2000002c   Data           1  sdio_sd.o(.data)
    TransferEnd                              0x20000030   Data           4  sdio_sd.o(.data)
    DMAEndOfTransfer                         0x20000034   Data           4  sdio_sd.o(.data)
    __stdout                                 0x20000038   Data           4  usart.o(.data)
    TimingDelay                              0x2000003c   Data           4  delay.o(.data)
    buffer1                                  0x20000058   Data        2048  wavplayer.o(.bss)
    buffer2                                  0x20000858   Data        2048  wavplayer.o(.bss)
    WAVE_Format                              0x20001058   Data          24  wavplayer.o(.bss)
    DMA_InitStructure                        0x20001070   Data          60  cs4334.o(.bss)
    SDCardInfo                               0x200010dc   Data          80  sdio_sd.o(.bss)
    SDIO_InitStructure                       0x2000112c   Data          24  sdio_sd.o(.bss)
    SDIO_CmdInitStructure                    0x20001144   Data          20  sdio_sd.o(.bss)
    SDIO_DataInitStructure                   0x20001158   Data          24  sdio_sd.o(.bss)
    __libspace_start                         0x20001170   Data          96  libspace.o(.bss)
    __temporary_stack_top$libspace           0x200011d0   Data           0  libspace.o(.bss)



==============================================================================

Memory Map of the image

  Image Entry point : 0x08000189

  Load Region LR_IROM1 (Base: 0x08000000, Size: 0x00003d8c, Max: 0x00100000, ABSOLUTE)

    Execution Region ER_IROM1 (Base: 0x08000000, Size: 0x00003d34, Max: 0x00100000, ABSOLUTE)

    Base Addr    Size         Type   Attr      Idx    E Section Name        Object

    0x08000000   0x00000188   Data   RO          143    RESET               startup_stm32f40_41xxx.o
    0x08000188   0x00000008   Code   RO         3132  * !!!main             c_w.l(__main.o)
    0x08000190   0x00000034   Code   RO         3294    !!!scatter          c_w.l(__scatter.o)
    0x080001c4   0x0000001a   Code   RO         3296    !!handler_copy      c_w.l(__scatter_copy.o)
    0x080001de   0x00000002   PAD
    0x080001e0   0x0000001c   Code   RO         3298    !!handler_zi        c_w.l(__scatter_zi.o)
    0x080001fc   0x00000002   Code   RO         3171    .ARM.Collect$$libinit$$00000000  c_w.l(libinit.o)
    0x080001fe   0x00000004   Code   RO         3177    .ARM.Collect$$libinit$$00000001  c_w.l(libinit2.o)
    0x08000202   0x00000000   Code   RO         3181    .ARM.Collect$$libinit$$00000008  c_w.l(libinit2.o)
    0x08000202   0x00000000   Code   RO         3183    .ARM.Collect$$libinit$$0000000A  c_w.l(libinit2.o)
    0x08000202   0x00000000   Code   RO         3185    .ARM.Collect$$libinit$$0000000C  c_w.l(libinit2.o)
    0x08000202   0x00000000   Code   RO         3188    .ARM.Collect$$libinit$$0000000F  c_w.l(libinit2.o)
    0x08000202   0x00000000   Code   RO         3190    .ARM.Collect$$libinit$$00000011  c_w.l(libinit2.o)
    0x08000202   0x00000000   Code   RO         3192    .ARM.Collect$$libinit$$00000013  c_w.l(libinit2.o)
    0x08000202   0x00000000   Code   RO         3194    .ARM.Collect$$libinit$$00000015  c_w.l(libinit2.o)
    0x08000202   0x00000000   Code   RO         3196    .ARM.Collect$$libinit$$00000017  c_w.l(libinit2.o)
    0x08000202   0x00000000   Code   RO         3198    .ARM.Collect$$libinit$$00000019  c_w.l(libinit2.o)
    0x08000202   0x00000000   Code   RO         3200    .ARM.Collect$$libinit$$0000001B  c_w.l(libinit2.o)
    0x08000202   0x00000000   Code   RO         3202    .ARM.Collect$$libinit$$0000001D  c_w.l(libinit2.o)
    0x08000202   0x00000000   Code   RO         3204    .ARM.Collect$$libinit$$0000001F  c_w.l(libinit2.o)
    0x08000202   0x00000000   Code   RO         3206    .ARM.Collect$$libinit$$00000021  c_w.l(libinit2.o)
    0x08000202   0x00000000   Code   RO         3208    .ARM.Collect$$libinit$$00000023  c_w.l(libinit2.o)
    0x08000202   0x00000000   Code   RO         3212    .ARM.Collect$$libinit$$0000002A  c_w.l(libinit2.o)
    0x08000202   0x00000000   Code   RO         3214    .ARM.Collect$$libinit$$0000002C  c_w.l(libinit2.o)
    0x08000202   0x00000000   Code   RO         3216    .ARM.Collect$$libinit$$0000002E  c_w.l(libinit2.o)
    0x08000202   0x00000000   Code   RO         3218    .ARM.Collect$$libinit$$00000030  c_w.l(libinit2.o)
    0x08000202   0x00000002   Code   RO         3219    .ARM.Collect$$libinit$$00000031  c_w.l(libinit2.o)
    0x08000204   0x00000002   Code   RO         3237    .ARM.Collect$$libshutdown$$00000000  c_w.l(libshutdown.o)
    0x08000206   0x00000000   Code   RO         3248    .ARM.Collect$$libshutdown$$00000003  c_w.l(libshutdown2.o)
    0x08000206   0x00000000   Code   RO         3251    .ARM.Collect$$libshutdown$$00000006  c_w.l(libshutdown2.o)
    0x08000206   0x00000000   Code   RO         3254    .ARM.Collect$$libshutdown$$00000009  c_w.l(libshutdown2.o)
    0x08000206   0x00000000   Code   RO         3256    .ARM.Collect$$libshutdown$$0000000B  c_w.l(libshutdown2.o)
    0x08000206   0x00000000   Code   RO         3259    .ARM.Collect$$libshutdown$$0000000E  c_w.l(libshutdown2.o)
    0x08000206   0x00000002   Code   RO         3260    .ARM.Collect$$libshutdown$$0000000F  c_w.l(libshutdown2.o)
    0x08000208   0x00000000   Code   RO         3136    .ARM.Collect$$rtentry$$00000000  c_w.l(rtentry.o)
    0x08000208   0x00000000   Code   RO         3140    .ARM.Collect$$rtentry$$00000002  c_w.l(rtentry2.o)
    0x08000208   0x00000006   Code   RO         3152    .ARM.Collect$$rtentry$$00000004  c_w.l(rtentry4.o)
    0x0800020e   0x00000000   Code   RO         3142    .ARM.Collect$$rtentry$$00000009  c_w.l(rtentry2.o)
    0x0800020e   0x00000004   Code   RO         3143    .ARM.Collect$$rtentry$$0000000A  c_w.l(rtentry2.o)
    0x08000212   0x00000000   Code   RO         3145    .ARM.Collect$$rtentry$$0000000C  c_w.l(rtentry2.o)
    0x08000212   0x00000008   Code   RO         3146    .ARM.Collect$$rtentry$$0000000D  c_w.l(rtentry2.o)
    0x0800021a   0x00000002   Code   RO         3175    .ARM.Collect$$rtexit$$00000000  c_w.l(rtexit.o)
    0x0800021c   0x00000000   Code   RO         3221    .ARM.Collect$$rtexit$$00000002  c_w.l(rtexit2.o)
    0x0800021c   0x00000004   Code   RO         3222    .ARM.Collect$$rtexit$$00000003  c_w.l(rtexit2.o)
    0x08000220   0x00000006   Code   RO         3223    .ARM.Collect$$rtexit$$00000004  c_w.l(rtexit2.o)
    0x08000226   0x00000002   PAD
    0x08000228   0x00000040   Code   RO          144    .text               startup_stm32f40_41xxx.o
    0x08000268   0x00000002   Code   RO         3124    .text               c_w.l(use_no_semi_2.o)
    0x0800026a   0x00000002   PAD
    0x0800026c   0x00000018   Code   RO         3128    .text               c_w.l(noretval__2printf.o)
    0x08000284   0x00000006   Code   RO         3130    .text               c_w.l(heapauxi.o)
    0x0800028a   0x00000002   Code   RO         3134    .text               c_w.l(use_no_semi.o)
    0x0800028c   0x00000024   Code   RO         3137    .text               c_w.l(_printf_char_file.o)
    0x080002b0   0x00000030   Code   RO         3154    .text               c_w.l(_printf_char_common.o)
    0x080002e0   0x00000008   Code   RO         3156    .text               c_w.l(ferror.o)
    0x080002e8   0x0000004a   Code   RO         3160    .text               c_w.l(sys_stackheap_outer.o)
    0x08000332   0x00000028   Code   RO         3162    .text               c_w.l(__printf_nopercent.o)
    0x0800035a   0x0000000c   Code   RO         3164    .text               c_w.l(exit.o)
    0x08000366   0x00000002   PAD
    0x08000368   0x00000008   Code   RO         3172    .text               c_w.l(libspace.o)
    0x08000370   0x00000014   Code   RO          319    i.AUDIO_Init        cs4334.o
    0x08000384   0x00000034   Code   RO          277    i.AUDIO_TransferComplete  wavplayer.o
    0x080003b8   0x0000009c   Code   RO          321    i.Audio_DMA_Init    cs4334.o
    0x08000454   0x0000003c   Code   RO          322    i.Audio_I2S_Init    cs4334.o
    0x08000490   0x00000040   Code   RO          323    i.Audio_MAL_Play    cs4334.o
    0x080004d0   0x00000004   Code   RO          150    i.BusFault_Handler  stm32f4xx_it.o
    0x080004d4   0x00000090   Code   RO          681    i.COM1Init          usart.o
    0x08000564   0x0000002c   Code   RO          388    i.CmdError          sdio_sd.o
    0x08000590   0x00000134   Code   RO          389    i.CmdResp1Error     sdio_sd.o
    0x080006c4   0x0000004c   Code   RO          390    i.CmdResp2Error     sdio_sd.o
    0x08000710   0x00000038   Code   RO          391    i.CmdResp3Error     sdio_sd.o
    0x08000748   0x0000009c   Code   RO          392    i.CmdResp6Error     sdio_sd.o
    0x080007e4   0x0000004c   Code   RO          393    i.CmdResp7Error     sdio_sd.o
    0x08000830   0x000000d0   Code   RO          324    i.DMA1_Stream4_IRQHandler  cs4334.o
    0x08000900   0x00000034   Code   RO         1057    i.DMA_ClearFlag     stm32f4xx_dma.o
    0x08000934   0x00000016   Code   RO         1059    i.DMA_Cmd           stm32f4xx_dma.o
    0x0800094a   0x00000002   PAD
    0x0800094c   0x00000158   Code   RO         1060    i.DMA_DeInit        stm32f4xx_dma.o
    0x08000aa4   0x00000016   Code   RO         1063    i.DMA_FlowControllerConfig  stm32f4xx_dma.o
    0x08000aba   0x00000014   Code   RO         1064    i.DMA_GetCmdStatus  stm32f4xx_dma.o
    0x08000ace   0x00000002   PAD
    0x08000ad0   0x00000044   Code   RO         1068    i.DMA_GetFlagStatus  stm32f4xx_dma.o
    0x08000b14   0x0000003a   Code   RO         1070    i.DMA_ITConfig      stm32f4xx_dma.o
    0x08000b4e   0x00000002   PAD
    0x08000b50   0x00000058   Code   RO         1071    i.DMA_Init          stm32f4xx_dma.o
    0x08000ba8   0x00000002   Code   RO          151    i.DebugMon_Handler  stm32f4xx_it.o
    0x08000baa   0x00000002   PAD
    0x08000bac   0x00000194   Code   RO          394    i.FindSCR           sdio_sd.o
    0x08000d40   0x00000090   Code   RO         1248    i.GPIO_Init         stm32f4xx_gpio.o
    0x08000dd0   0x00000046   Code   RO         1249    i.GPIO_PinAFConfig  stm32f4xx_gpio.o
    0x08000e16   0x00000004   Code   RO          152    i.HardFault_Handler  stm32f4xx_it.o
    0x08000e1a   0x00000018   Code   RO         1873    i.I2S_Cmd           stm32f4xx_spi.o
    0x08000e32   0x00000002   PAD
    0x08000e34   0x00000088   Code   RO          325    i.I2S_GPIO_Init     cs4334.o
    0x08000ebc   0x00000198   Code   RO         1875    i.I2S_Init          stm32f4xx_spi.o
    0x08001054   0x00000004   Code   RO          153    i.MemManage_Handler  stm32f4xx_it.o
    0x08001058   0x00000002   Code   RO          154    i.NMI_Handler       stm32f4xx_it.o
    0x0800105a   0x0000003a   Code   RO          396    i.NVIC_Configuration  sdio_sd.o
    0x08001094   0x00000078   Code   RO          771    i.NVIC_Init         misc.o
    0x0800110c   0x00000014   Code   RO          772    i.NVIC_PriorityGroupConfig  misc.o
    0x08001120   0x00000002   Code   RO          155    i.PendSV_Handler    stm32f4xx_it.o
    0x08001122   0x00000002   PAD
    0x08001124   0x00000020   Code   RO         1345    i.RCC_AHB1PeriphClockCmd  stm32f4xx_rcc.o
    0x08001144   0x00000020   Code   RO         1354    i.RCC_APB1PeriphClockCmd  stm32f4xx_rcc.o
    0x08001164   0x00000020   Code   RO         1356    i.RCC_APB1PeriphResetCmd  stm32f4xx_rcc.o
    0x08001184   0x00000020   Code   RO         1357    i.RCC_APB2PeriphClockCmd  stm32f4xx_rcc.o
    0x080011a4   0x00000020   Code   RO         1359    i.RCC_APB2PeriphResetCmd  stm32f4xx_rcc.o
    0x080011c4   0x000000e8   Code   RO         1366    i.RCC_GetClocksFreq  stm32f4xx_rcc.o
    0x080012ac   0x00000026   Code   RO          278    i.ReadUnit          wavplayer.o
    0x080012d2   0x00000002   PAD
    0x080012d4   0x0000011c   Code   RO          397    i.SDEnWideBus       sdio_sd.o
    0x080013f0   0x0000000c   Code   RO         1680    i.SDIO_ClearFlag    stm32f4xx_sdio.o
    0x080013fc   0x0000000c   Code   RO         1682    i.SDIO_ClockCmd     stm32f4xx_sdio.o
    0x08001408   0x0000000c   Code   RO         1685    i.SDIO_DMACmd       stm32f4xx_sdio.o
    0x08001414   0x00000034   Code   RO         1686    i.SDIO_DataConfig   stm32f4xx_sdio.o
    0x08001448   0x00000016   Code   RO         1688    i.SDIO_DeInit       stm32f4xx_sdio.o
    0x0800145e   0x00000002   PAD
    0x08001460   0x0000000c   Code   RO         1689    i.SDIO_GetCommandResponse  stm32f4xx_sdio.o
    0x0800146c   0x00000018   Code   RO         1692    i.SDIO_GetFlagStatus  stm32f4xx_sdio.o
    0x08001484   0x00000010   Code   RO         1694    i.SDIO_GetPowerState  stm32f4xx_sdio.o
    0x08001494   0x00000018   Code   RO         1695    i.SDIO_GetResponse  stm32f4xx_sdio.o
    0x080014ac   0x00000020   Code   RO         1696    i.SDIO_ITConfig     stm32f4xx_sdio.o
    0x080014cc   0x00000030   Code   RO         1697    i.SDIO_Init         stm32f4xx_sdio.o
    0x080014fc   0x0000000c   Code   RO         1698    i.SDIO_ReadData     stm32f4xx_sdio.o
    0x08001508   0x0000002c   Code   RO         1700    i.SDIO_SendCommand  stm32f4xx_sdio.o
    0x08001534   0x0000000c   Code   RO         1702    i.SDIO_SetPowerState  stm32f4xx_sdio.o
    0x08001540   0x0000000c   Code   RO          399    i.SD_Detect         sdio_sd.o
    0x0800154c   0x00000090   Code   RO          400    i.SD_EnableWideBusOperation  sdio_sd.o
    0x080015dc   0x000002cc   Code   RO          403    i.SD_GetCardInfo    sdio_sd.o
    0x080018a8   0x00000026   Code   RO          405    i.SD_GetState       sdio_sd.o
    0x080018ce   0x0000001e   Code   RO          406    i.SD_GetStatus      sdio_sd.o
    0x080018ec   0x00000088   Code   RO          408    i.SD_Init           sdio_sd.o
    0x08001974   0x0000013c   Code   RO          409    i.SD_InitializeCards  sdio_sd.o
    0x08001ab0   0x0000008c   Code   RO          410    i.SD_LowLevel_DMA_RxConfig  sdio_sd.o
    0x08001b3c   0x00000090   Code   RO          411    i.SD_LowLevel_DMA_TxConfig  sdio_sd.o
    0x08001bcc   0x000000a8   Code   RO          413    i.SD_LowLevel_Init  sdio_sd.o
    0x08001c74   0x000001a0   Code   RO          415    i.SD_PowerON        sdio_sd.o
    0x08001e14   0x000000e0   Code   RO          418    i.SD_ReadBlock      sdio_sd.o
    0x08001ef4   0x000000ec   Code   RO          419    i.SD_ReadMultiBlocks  sdio_sd.o
    0x08001fe0   0x00000034   Code   RO          420    i.SD_SelectDeselect  sdio_sd.o
    0x08002014   0x00000054   Code   RO          422    i.SD_SendStatus     sdio_sd.o
    0x08002068   0x00000034   Code   RO          423    i.SD_StopTransfer   sdio_sd.o
    0x0800209c   0x0000007c   Code   RO          424    i.SD_WaitReadOperation  sdio_sd.o
    0x08002118   0x000000dc   Code   RO          426    i.SD_WriteBlock     sdio_sd.o
    0x080021f4   0x00000148   Code   RO          427    i.SD_WriteMultiBlocks  sdio_sd.o
    0x0800233c   0x0000001c   Code   RO          326    i.SPI2_IRQHandler   cs4334.o
    0x08002358   0x00000012   Code   RO         1885    i.SPI_I2S_DMACmd    stm32f4xx_spi.o
    0x0800236a   0x00000002   PAD
    0x0800236c   0x000000b0   Code   RO         1886    i.SPI_I2S_DeInit    stm32f4xx_spi.o
    0x0800241c   0x00000012   Code   RO         1887    i.SPI_I2S_GetFlagStatus  stm32f4xx_spi.o
    0x0800242e   0x00000004   Code   RO         1891    i.SPI_I2S_SendData  stm32f4xx_spi.o
    0x08002432   0x00000002   Code   RO          156    i.SVC_Handler       stm32f4xx_it.o
    0x08002434   0x000000ec   Code   RO            3    i.SetSysClock       system_stm32f4xx.o
    0x08002520   0x00000008   Code   RO          157    i.SysTick_Handler   stm32f4xx_it.o
    0x08002528   0x00000068   Code   RO            5    i.SystemInit        system_stm32f4xx.o
    0x08002590   0x00000018   Code   RO          720    i.TimingDelay_Decrement  delay.o
    0x080025a8   0x00000012   Code   RO         2655    i.USART_ClearFlag   stm32f4xx_usart.o
    0x080025ba   0x00000018   Code   RO         2659    i.USART_Cmd         stm32f4xx_usart.o
    0x080025d2   0x0000001a   Code   RO         2662    i.USART_GetFlagStatus  stm32f4xx_usart.o
    0x080025ec   0x000000d4   Code   RO         2666    i.USART_Init        stm32f4xx_usart.o
    0x080026c0   0x00000008   Code   RO         2676    i.USART_SendData    stm32f4xx_usart.o
    0x080026c8   0x00000004   Code   RO          158    i.UsageFault_Handler  stm32f4xx_it.o
    0x080026cc   0x000001b0   Code   RO          279    i.WaveParsing       wavplayer.o
    0x0800287c   0x00000130   Code   RO          280    i.Wavplay           wavplayer.o
    0x080029ac   0x00000004   Code   RO          682    i._sys_exit         usart.o
    0x080029b0   0x00000090   Code   RO         2894    i.check_fs          ff.o
    0x08002a40   0x00000014   Code   RO         2895    i.chk_chr           ff.o
    0x08002a54   0x00000370   Code   RO         2896    i.chk_mounted       ff.o
    0x08002dc4   0x0000001a   Code   RO         2897    i.clust2sect        ff.o
    0x08002dde   0x000000ca   Code   RO         2898    i.create_chain      ff.o
    0x08002ea8   0x00000148   Code   RO         2899    i.create_name       ff.o
    0x08002ff0   0x0000005c   Code   RO         2900    i.dir_find          ff.o
    0x0800304c   0x00000116   Code   RO         2901    i.dir_next          ff.o
    0x08003162   0x0000006e   Code   RO         2903    i.dir_register      ff.o
    0x080031d0   0x0000009c   Code   RO         2905    i.dir_sdi           ff.o
    0x0800326c   0x0000002c   Code   RO         2843    i.disk_initialize   diskio.o
    0x08003298   0x00000074   Code   RO         2845    i.disk_read         diskio.o
    0x0800330c   0x00000022   Code   RO         2846    i.disk_status       diskio.o
    0x0800332e   0x00000002   PAD
    0x08003330   0x00000070   Code   RO         2847    i.disk_write        diskio.o
    0x080033a0   0x000001b0   Code   RO         2909    i.f_lseek           ff.o
    0x08003550   0x0000002c   Code   RO         2911    i.f_mount           ff.o
    0x0800357c   0x0000016c   Code   RO         2912    i.f_open            ff.o
    0x080036e8   0x000001ca   Code   RO         2914    i.f_read            ff.o
    0x080038b2   0x0000009e   Code   RO         2923    i.follow_path       ff.o
    0x08003950   0x00000024   Code   RO          683    i.fputc             usart.o
    0x08003974   0x000000e4   Code   RO         2924    i.get_fat           ff.o
    0x08003a58   0x00000004   Code   RO         2848    i.get_fattime       diskio.o
    0x08003a5c   0x00000020   Code   RO          228    i.main              main.o
    0x08003a7c   0x00000026   Code   RO         2926    i.mem_cmp           ff.o
    0x08003aa2   0x0000001a   Code   RO         2927    i.mem_cpy           ff.o
    0x08003abc   0x00000014   Code   RO         2928    i.mem_set           ff.o
    0x08003ad0   0x00000072   Code   RO         2929    i.move_window       ff.o
    0x08003b42   0x00000136   Code   RO         2930    i.put_fat           ff.o
    0x08003c78   0x00000068   Code   RO         2931    i.remove_chain      ff.o
    0x08003ce0   0x0000002a   Code   RO         2933    i.validate          ff.o
    0x08003d0a   0x0000000a   Code   RO         3229    x$fpl$fpinit        fz_wm.l(fpinit.o)
    0x08003d14   0x00000020   Data   RO         3292    Region$$Table       anon$$obj.o


    Execution Region RW_IRAM1 (Base: 0x20000000, Size: 0x000053d0, Max: 0x00020000, ABSOLUTE)

    Base Addr    Size         Type   Attr      Idx    E Section Name        Object

    0x20000000   0x00000011   Data   RW          282    .data               wavplayer.o
    0x20000011   0x00000003   PAD
    0x20000014   0x0000000c   Data   RW          328    .data               cs4334.o
    0x20000020   0x00000018   Data   RW          430    .data               sdio_sd.o
    0x20000038   0x00000004   Data   RW          684    .data               usart.o
    0x2000003c   0x00000004   Data   RW          725    .data               delay.o
    0x20000040   0x00000010   Data   RW         1398    .data               stm32f4xx_rcc.o
    0x20000050   0x00000006   Data   RW         2934    .data               ff.o
    0x20000056   0x00000002   PAD
    0x20000058   0x00001018   Zero   RW          281    .bss                wavplayer.o
    0x20001070   0x0000003c   Zero   RW          327    .bss                cs4334.o
    0x200010ac   0x000000c4   Zero   RW          429    .bss                sdio_sd.o
    0x20001170   0x00000060   Zero   RW         3173    .bss                c_w.l(libspace.o)
    0x200011d0   0x00000200   Zero   RW          142    HEAP                startup_stm32f40_41xxx.o
    0x200013d0   0x00004000   Zero   RW          141    STACK               startup_stm32f40_41xxx.o


==============================================================================

Image component sizes


      Code (inc. data)   RO Data    RW Data    ZI Data      Debug   Object Name

       672         64          0         12         60       4603   cs4334.o
        24          6          0          4          0        718   delay.o
       310         10          0          0          0       4575   diskio.o
      4574         46          0          6          0      21899   ff.o
        32         10          0          0          0      11000   main.o
       140         24          0          0          0       2055   misc.o
      5042        318          0         24        196      30393   sdio_sd.o
        64         26        392          0      16896       1036   startup_stm32f40_41xxx.o
       674         54          0          0          0       7691   stm32f4xx_dma.o
       214          0          0          0          0       2279   stm32f4xx_gpio.o
        32          0          0          0          0       4330   stm32f4xx_it.o
       392         48          0         16          0       7005   stm32f4xx_rcc.o
       334         70          0          0          0      11730   stm32f4xx_sdio.o
       648         36          0          0          0       5598   stm32f4xx_spi.o
       288          8          0          0          0       4774   stm32f4xx_usart.o
       340         32          0          0          0     301849   system_stm32f4xx.o
       184         14          0          4          0       3477   usart.o
       826        108          0         17       4120       3748   wavplayer.o

    ----------------------------------------------------------------------
     14810        874        424         88      21272     428760   Object Totals
         0          0         32          0          0          0   (incl. Generated)
        20          0          0          5          0          0   (incl. Padding)

    ----------------------------------------------------------------------

      Code (inc. data)   RO Data    RW Data    ZI Data      Debug   Library Member Name

         8          0          0          0          0         68   __main.o
        40          0          0          0          0         84   __printf_nopercent.o
        52          8          0          0          0          0   __scatter.o
        26          0          0          0          0          0   __scatter_copy.o
        28          0          0          0          0          0   __scatter_zi.o
        48          6          0          0          0         96   _printf_char_common.o
        36          4          0          0          0         80   _printf_char_file.o
        12          0          0          0          0         72   exit.o
         8          0          0          0          0         68   ferror.o
         6          0          0          0          0        152   heapauxi.o
         2          0          0          0          0          0   libinit.o
         6          0          0          0          0          0   libinit2.o
         2          0          0          0          0          0   libshutdown.o
         2          0          0          0          0          0   libshutdown2.o
         8          4          0          0         96         68   libspace.o
        24          4          0          0          0         84   noretval__2printf.o
         0          0          0          0          0          0   rtentry.o
        12          0          0          0          0          0   rtentry2.o
         6          0          0          0          0          0   rtentry4.o
         2          0          0          0          0          0   rtexit.o
        10          0          0          0          0          0   rtexit2.o
        74          0          0          0          0         80   sys_stackheap_outer.o
         2          0          0          0          0         68   use_no_semi.o
         2          0          0          0          0         68   use_no_semi_2.o
        10          0          0          0          0        116   fpinit.o

    ----------------------------------------------------------------------
       434         26          0          0         96       1104   Library Totals
         8          0          0          0          0          0   (incl. Padding)

    ----------------------------------------------------------------------

      Code (inc. data)   RO Data    RW Data    ZI Data      Debug   Library Name

       416         26          0          0         96        988   c_w.l
        10          0          0          0          0        116   fz_wm.l

    ----------------------------------------------------------------------
       434         26          0          0         96       1104   Library Totals

    ----------------------------------------------------------------------

==============================================================================


      Code (inc. data)   RO Data    RW Data    ZI Data      Debug   

     15244        900        424         88      21368     417648   Grand Totals
     15244        900        424         88      21368     417648   ELF Image Totals
     15244        900        424         88          0          0   ROM Totals

==============================================================================

    Total RO  Size (Code + RO Data)                15668 (  15.30kB)
    Total RW  Size (RW Data + ZI Data)             21456 (  20.95kB)
    Total ROM Size (Code + RO Data + RW Data)      15756 (  15.39kB)

==============================================================================

